
AVRASM ver. 1.52  serial.asm Wed Mar 19 18:27:28 2008


         ;CodeVisionAVR C Compiler V1.24.2c Standard
         ;(C) Copyright 1998-2004 Pavel Haiduc, HP InfoTech s.r.l.
         ;http://www.hpinfotech.ro
         ;e-mail:office@hpinfotech.ro
         
         ;Chip type           : ATmega16
         ;Program type        : Application
         ;Clock frequency     : 4.000000 MHz
         ;Memory model        : Small
         ;Optimize for        : Size
         ;(s)printf features  : int, width
         ;(s)scanf features   : long, width
         ;External SRAM size  : 0
         ;Data Stack size     : 256 byte(s)
         ;Heap size           : 0 byte(s)
         ;Promote char to int : No
         ;char is unsigned    : Yes
         ;8 bit enums         : Yes
         ;Enhanced core instructions    : On
         ;Automatic register allocation : On
         
          	.EQU UDRE=0x5
          	.EQU RXC=0x7
          	.EQU USR=0xB
          	.EQU UDR=0xC
          	.EQU EERE=0x0
          	.EQU EEWE=0x1
          	.EQU EEMWE=0x2
          	.EQU SPSR=0xE
          	.EQU SPDR=0xF
          	.EQU EECR=0x1C
          	.EQU EEDR=0x1D
          	.EQU EEARL=0x1E
          	.EQU EEARH=0x1F
          	.EQU WDTCR=0x21
          	.EQU MCUCR=0x35
          	.EQU GICR=0x3B
          	.EQU SPL=0x3D
          	.EQU SPH=0x3E
          	.EQU SREG=0x3F
         
          	.DEF R0X0=R0
          	.DEF R0X1=R1
          	.DEF R0X2=R2
          	.DEF R0X3=R3
          	.DEF R0X4=R4
          	.DEF R0X5=R5
          	.DEF R0X6=R6
          	.DEF R0X7=R7
          	.DEF R0X8=R8
          	.DEF R0X9=R9
          	.DEF R0XA=R10
          	.DEF R0XB=R11
          	.DEF R0XC=R12
          	.DEF R0XD=R13
          	.DEF R0XE=R14
          	.DEF R0XF=R15
          	.DEF R0X10=R16
          	.DEF R0X11=R17
          	.DEF R0X12=R18
          	.DEF R0X13=R19
          	.DEF R0X14=R20
          	.DEF R0X15=R21
          	.DEF R0X16=R22
          	.DEF R0X17=R23
          	.DEF R0X18=R24
          	.DEF R0X19=R25
          	.DEF R0X1A=R26
          	.DEF R0X1B=R27
          	.DEF R0X1C=R28
          	.DEF R0X1D=R29
          	.DEF R0X1E=R30
          	.DEF R0X1F=R31
         
          	.EQU __se_bit=0x40
          	.EQU __sm_mask=0xB0
          	.EQU __sm_adc_noise_red=0x10
          	.EQU __sm_powerdown=0x20
          	.EQU __sm_powersave=0x30
          	.EQU __sm_standby=0xA0
          	.EQU __sm_ext_standby=0xB0
         
          	.MACRO __CPD1N
          	CPI  R30,LOW(@0)
          	LDI  R26,HIGH(@0)
          	CPC  R31,R26
          	LDI  R26,BYTE3(@0)
          	CPC  R22,R26
          	LDI  R26,BYTE4(@0)
          	CPC  R23,R26
          	.ENDM
         
          	.MACRO __CPD2N
          	CPI  R26,LOW(@0)
          	LDI  R30,HIGH(@0)
          	CPC  R27,R30
          	LDI  R30,BYTE3(@0)
          	CPC  R24,R30
          	LDI  R30,BYTE4(@0)
          	CPC  R25,R30
          	.ENDM
         
          	.MACRO __CPWRR
          	CP   R@0,R@2
          	CPC  R@1,R@3
          	.ENDM
         
          	.MACRO __CPWRN
          	CPI  R@0,LOW(@2)
          	LDI  R30,HIGH(@2)
          	CPC  R@1,R30
          	.ENDM
         
          	.MACRO __ADDD1N
          	SUBI R30,LOW(-@0)
          	SBCI R31,HIGH(-@0)
          	SBCI R22,BYTE3(-@0)
          	SBCI R23,BYTE4(-@0)
          	.ENDM
         
          	.MACRO __ADDD2N
          	SUBI R26,LOW(-@0)
          	SBCI R27,HIGH(-@0)
          	SBCI R24,BYTE3(-@0)
          	SBCI R25,BYTE4(-@0)
          	.ENDM
         
          	.MACRO __SUBD1N
          	SUBI R30,LOW(@0)
          	SBCI R31,HIGH(@0)
          	SBCI R22,BYTE3(@0)
          	SBCI R23,BYTE4(@0)
          	.ENDM
         
          	.MACRO __SUBD2N
          	SUBI R26,LOW(@0)
          	SBCI R27,HIGH(@0)
          	SBCI R24,BYTE3(@0)
          	SBCI R25,BYTE4(@0)
          	.ENDM
         
          	.MACRO __ANDD1N
          	ANDI R30,LOW(@0)
          	ANDI R31,HIGH(@0)
          	ANDI R22,BYTE3(@0)
          	ANDI R23,BYTE4(@0)
          	.ENDM
         
          	.MACRO __ORD1N
          	ORI  R30,LOW(@0)
          	ORI  R31,HIGH(@0)
          	ORI  R22,BYTE3(@0)
          	ORI  R23,BYTE4(@0)
          	.ENDM
         
          	.MACRO __DELAY_USB
          	LDI  R24,LOW(@0)
          __DELAY_USB_LOOP:
          	DEC  R24
          	BRNE __DELAY_USB_LOOP
          	.ENDM
         
          	.MACRO __DELAY_USW
          	LDI  R24,LOW(@0)
          	LDI  R25,HIGH(@0)
          __DELAY_USW_LOOP:
          	SBIW R24,1
          	BRNE __DELAY_USW_LOOP
          	.ENDM
         
          	.MACRO __CLRD1S
          	LDI  R30,0
          	STD  Y+@0,R30
          	STD  Y+@0+1,R30
          	STD  Y+@0+2,R30
          	STD  Y+@0+3,R30
          	.ENDM
         
          	.MACRO __GETD1S
          	LDD  R30,Y+@0
          	LDD  R31,Y+@0+1
          	LDD  R22,Y+@0+2
          	LDD  R23,Y+@0+3
          	.ENDM
         
          	.MACRO __PUTD1S
          	STD  Y+@0,R30
          	STD  Y+@0+1,R31
          	STD  Y+@0+2,R22
          	STD  Y+@0+3,R23
          	.ENDM
         
          	.MACRO __POINTB1MN
          	LDI  R30,LOW(@0+@1)
          	.ENDM
         
          	.MACRO __POINTW1MN
          	LDI  R30,LOW(@0+@1)
          	LDI  R31,HIGH(@0+@1)
          	.ENDM
         
          	.MACRO __POINTW1FN
          	LDI  R30,LOW(2*@0+@1)
          	LDI  R31,HIGH(2*@0+@1)
          	.ENDM
         
          	.MACRO __POINTB2MN
          	LDI  R26,LOW(@0+@1)
          	.ENDM
         
          	.MACRO __POINTW2MN
          	LDI  R26,LOW(@0+@1)
          	LDI  R27,HIGH(@0+@1)
          	.ENDM
         
          	.MACRO __POINTBRM
          	LDI  R@0,LOW(@1)
          	.ENDM
         
          	.MACRO __POINTWRM
          	LDI  R@0,LOW(@2)
          	LDI  R@1,HIGH(@2)
          	.ENDM
         
          	.MACRO __POINTBRMN
          	LDI  R@0,LOW(@1+@2)
          	.ENDM
         
          	.MACRO __POINTWRMN
          	LDI  R@0,LOW(@2+@3)
          	LDI  R@1,HIGH(@2+@3)
          	.ENDM
         
          	.MACRO __GETD1N
          	LDI  R30,LOW(@0)
          	LDI  R31,HIGH(@0)
          	LDI  R22,BYTE3(@0)
          	LDI  R23,BYTE4(@0)
          	.ENDM
         
          	.MACRO __GETD2N
          	LDI  R26,LOW(@0)
          	LDI  R27,HIGH(@0)
          	LDI  R24,BYTE3(@0)
          	LDI  R25,BYTE4(@0)
          	.ENDM
         
          	.MACRO __GETD2S
          	LDD  R26,Y+@0
          	LDD  R27,Y+@0+1
          	LDD  R24,Y+@0+2
          	LDD  R25,Y+@0+3
          	.ENDM
         
          	.MACRO __GETB1MN
          	LDS  R30,@0+@1
          	.ENDM
         
          	.MACRO __GETW1MN
          	LDS  R30,@0+@1
          	LDS  R31,@0+@1+1
          	.ENDM
         
          	.MACRO __GETD1MN
          	LDS  R30,@0+@1
          	LDS  R31,@0+@1+1
          	LDS  R22,@0+@1+2
          	LDS  R23,@0+@1+3
          	.ENDM
         
          	.MACRO __GETBRMN
          	LDS  R@2,@0+@1
          	.ENDM
         
          	.MACRO __GETWRMN
          	LDS  R@2,@0+@1
          	LDS  R@3,@0+@1+1
          	.ENDM
         
          	.MACRO __GETB2MN
          	LDS  R26,@0+@1
          	.ENDM
         
          	.MACRO __GETW2MN
          	LDS  R26,@0+@1
          	LDS  R27,@0+@1+1
          	.ENDM
         
          	.MACRO __GETD2MN
          	LDS  R26,@0+@1
          	LDS  R27,@0+@1+1
          	LDS  R24,@0+@1+2
          	LDS  R25,@0+@1+3
          	.ENDM
         
          	.MACRO __PUTB1MN
          	STS  @0+@1,R30
          	.ENDM
         
          	.MACRO __PUTW1MN
          	STS  @0+@1,R30
          	STS  @0+@1+1,R31
          	.ENDM
         
          	.MACRO __PUTD1MN
          	STS  @0+@1,R30
          	STS  @0+@1+1,R31
          	STS  @0+@1+2,R22
          	STS  @0+@1+3,R23
          	.ENDM
         
          	.MACRO __PUTBMRN
          	STS  @0+@1,R@2
          	.ENDM
         
          	.MACRO __PUTWMRN
          	STS  @0+@1,R@2
          	STS  @0+@1+1,R@3
          	.ENDM
         
          	.MACRO __GETW1R
          	MOV  R30,R@0
          	MOV  R31,R@1
          	.ENDM
         
          	.MACRO __GETW2R
          	MOV  R26,R@0
          	MOV  R27,R@1
          	.ENDM
         
          	.MACRO __GETWRN
          	LDI  R@0,LOW(@2)
          	LDI  R@1,HIGH(@2)
          	.ENDM
         
          	.MACRO __PUTW1R
          	MOV  R@0,R30
          	MOV  R@1,R31
          	.ENDM
         
          	.MACRO __PUTW2R
          	MOV  R@0,R26
          	MOV  R@1,R27
          	.ENDM
         
          	.MACRO __ADDWRN
          	SUBI R@0,LOW(-@2)
          	SBCI R@1,HIGH(-@2)
          	.ENDM
         
          	.MACRO __ADDWRR
          	ADD  R@0,R@2
          	ADC  R@1,R@3
          	.ENDM
         
          	.MACRO __SUBWRN
          	SUBI R@0,LOW(@2)
          	SBCI R@1,HIGH(@2)
          	.ENDM
         
          	.MACRO __SUBWRR
          	SUB  R@0,R@2
          	SBC  R@1,R@3
          	.ENDM
         
          	.MACRO __ANDWRN
          	ANDI R@0,LOW(@2)
          	ANDI R@1,HIGH(@2)
          	.ENDM
         
          	.MACRO __ANDWRR
          	AND  R@0,R@2
          	AND  R@1,R@3
          	.ENDM
         
          	.MACRO __ORWRN
          	ORI  R@0,LOW(@2)
          	ORI  R@1,HIGH(@2)
          	.ENDM
         
          	.MACRO __ORWRR
          	OR   R@0,R@2
          	OR   R@1,R@3
          	.ENDM
         
          	.MACRO __EORWRR
          	EOR  R@0,R@2
          	EOR  R@1,R@3
          	.ENDM
         
          	.MACRO __GETWRS
          	LDD  R@0,Y+@2
          	LDD  R@1,Y+@2+1
          	.ENDM
         
          	.MACRO __PUTWSR
          	STD  Y+@2,R@0
          	STD  Y+@2+1,R@1
          	.ENDM
         
          	.MACRO __MOVEWRR
          	MOV  R@0,R@2
          	MOV  R@1,R@3
          	.ENDM
         
          	.MACRO __INWR
          	IN   R@0,@2
          	IN   R@1,@2+1
          	.ENDM
         
          	.MACRO __OUTWR
          	OUT  @2+1,R@1
          	OUT  @2,R@0
          	.ENDM
         
          	.MACRO __CALL1MN
          	LDS  R30,@0+@1
          	LDS  R31,@0+@1+1
          	ICALL
          	.ENDM
         
          	.MACRO __NBST
          	BST  R@0,@1
          	IN   R30,SREG
          	LDI  R31,0x40
          	EOR  R30,R31
          	OUT  SREG,R30
          	.ENDM
         
         
          	.MACRO __PUTB1SN
          	LDD  R26,Y+@0
          	LDD  R27,Y+@0+1
          	SUBI R26,LOW(-@1)
          	SBCI R27,HIGH(-@1)
          	ST   X,R30
          	.ENDM
         
          	.MACRO __PUTW1SN
          	LDD  R26,Y+@0
          	LDD  R27,Y+@0+1
          	SUBI R26,LOW(-@1)
          	SBCI R27,HIGH(-@1)
          	ST   X+,R30
          	ST   X,R31
          	.ENDM
         
          	.MACRO __PUTD1SN
          	LDD  R26,Y+@0
          	LDD  R27,Y+@0+1
          	SUBI R26,LOW(-@1)
          	SBCI R27,HIGH(-@1)
          	CALL __PUTDP1
          	.ENDM
         
          	.MACRO __PUTB1SNS
          	LDD  R26,Y+@0
          	LDD  R27,Y+@0+1
          	ADIW R26,@1
          	ST   X,R30
          	.ENDM
         
          	.MACRO __PUTW1SNS
          	LDD  R26,Y+@0
          	LDD  R27,Y+@0+1
          	ADIW R26,@1
          	ST   X+,R30
          	ST   X,R31
          	.ENDM
         
          	.MACRO __PUTD1SNS
          	LDD  R26,Y+@0
          	LDD  R27,Y+@0+1
          	ADIW R26,@1
          	CALL __PUTDP1
          	.ENDM
         
          	.MACRO __PUTB1PMN
          	LDS  R26,@0
          	LDS  R27,@0+1
          	SUBI R26,LOW(-@1)
          	SBCI R27,HIGH(-@1)
          	ST   X,R30
          	.ENDM
         
          	.MACRO __PUTW1PMN
          	LDS  R26,@0
          	LDS  R27,@0+1
          	SUBI R26,LOW(-@1)
          	SBCI R27,HIGH(-@1)
          	ST   X+,R30
          	ST   X,R31
          	.ENDM
         
          	.MACRO __PUTD1PMN
          	LDS  R26,@0
          	LDS  R27,@0+1
          	SUBI R26,LOW(-@1)
          	SBCI R27,HIGH(-@1)
          	CALL __PUTDP1
          	.ENDM
         
          	.MACRO __PUTB1PMNS
          	LDS  R26,@0
          	LDS  R27,@0+1
          	ADIW R26,@1
          	ST   X,R30
          	.ENDM
         
          	.MACRO __PUTW1PMNS
          	LDS  R26,@0
          	LDS  R27,@0+1
          	ADIW R26,@1
          	ST   X+,R30
          	ST   X,R31
          	.ENDM
         
          	.MACRO __PUTD1PMNS
          	LDS  R26,@0
          	LDS  R27,@0+1
          	ADIW R26,@1
          	CALL __PUTDP1
          	.ENDM
         
          	.MACRO __PUTB1RN
          	MOVW R26,R@0
          	SUBI R26,LOW(-@1)
          	SBCI R27,HIGH(-@1)
          	ST   X,R30
          	.ENDM
         
          	.MACRO __PUTW1RN
          	MOVW R26,R@0
          	SUBI R26,LOW(-@1)
          	SBCI R27,HIGH(-@1)
          	ST   X+,R30
          	ST   X,R31
          	.ENDM
         
          	.MACRO __PUTD1RN
          	MOVW R26,R@0
          	SUBI R26,LOW(-@1)
          	SBCI R27,HIGH(-@1)
          	CALL __PUTDP1
          	.ENDM
         
          	.MACRO __PUTB1RNS
          	MOVW R26,R@0
          	ADIW R26,@1
          	ST   X,R30
          	.ENDM
         
          	.MACRO __PUTW1RNS
          	MOVW R26,R@0
          	ADIW R26,@1
          	ST   X+,R30
          	ST   X,R31
          	.ENDM
         
          	.MACRO __PUTD1RNS
          	MOVW R26,R@0
          	ADIW R26,@1
          	CALL __PUTDP1
          	.ENDM
         
          	.MACRO __PUTB1RON
          	MOV  R26,R@0
          	MOV  R27,R@1
          	SUBI R26,LOW(-@2)
          	SBCI R27,HIGH(-@2)
          	ST   X,R30
          	.ENDM
         
          	.MACRO __PUTW1RON
          	MOV  R26,R@0
          	MOV  R27,R@1
          	SUBI R26,LOW(-@2)
          	SBCI R27,HIGH(-@2)
          	ST   X+,R30
          	ST   X,R31
          	.ENDM
         
          	.MACRO __PUTD1RON
          	MOV  R26,R@0
          	MOV  R27,R@1
          	SUBI R26,LOW(-@2)
          	SBCI R27,HIGH(-@2)
          	CALL __PUTDP1
          	.ENDM
         
          	.MACRO __PUTB1RONS
          	MOV  R26,R@0
          	MOV  R27,R@1
          	ADIW R26,@2
          	ST   X,R30
          	.ENDM
         
          	.MACRO __PUTW1RONS
          	MOV  R26,R@0
          	MOV  R27,R@1
          	ADIW R26,@2
          	ST   X+,R30
          	ST   X,R31
          	.ENDM
         
          	.MACRO __PUTD1RONS
          	MOV  R26,R@0
          	MOV  R27,R@1
          	ADIW R26,@2
          	CALL __PUTDP1
          	.ENDM
         
         
          	.MACRO __GETB1SX
          	MOVW R30,R28
          	SUBI R30,LOW(-@0)
          	SBCI R31,HIGH(-@0)
          	LD   R30,Z
          	.ENDM
         
          	.MACRO __GETW1SX
          	MOVW R30,R28
          	SUBI R30,LOW(-@0)
          	SBCI R31,HIGH(-@0)
          	LD   R0,Z+
          	LD   R31,Z
          	MOV  R30,R0
          	.ENDM
         
          	.MACRO __GETD1SX
          	MOVW R30,R28
          	SUBI R30,LOW(-@0)
          	SBCI R31,HIGH(-@0)
          	LD   R0,Z+
          	LD   R1,Z+
          	LD   R22,Z+
          	LD   R23,Z
          	MOVW R30,R0
          	.ENDM
         
          	.MACRO __GETB2SX
          	MOVW R26,R28
          	SUBI R26,LOW(-@0)
          	SBCI R27,HIGH(-@0)
          	LD   R26,X
          	.ENDM
         
          	.MACRO __GETW2SX
          	MOVW R26,R28
          	SUBI R26,LOW(-@0)
          	SBCI R27,HIGH(-@0)
          	LD   R0,X+
          	LD   R27,X
          	MOV  R26,R0
          	.ENDM
         
          	.MACRO __GETD2SX
          	MOVW R26,R28
          	SUBI R26,LOW(-@0)
          	SBCI R27,HIGH(-@0)
          	LD   R0,X+
          	LD   R1,X+
          	LD   R24,X+
          	LD   R25,X
          	MOVW R26,R0
          	.ENDM
         
          	.MACRO __GETBRSX
          	MOVW R30,R28
          	SUBI R30,LOW(-@1)
          	SBCI R31,HIGH(-@1)
          	LD   R@0,Z
          	.ENDM
         
          	.MACRO __GETWRSX
          	MOVW R30,R28
          	SUBI R30,LOW(-@2)
          	SBCI R31,HIGH(-@2)
          	LD   R@0,Z+
          	LD   R@1,Z
          	.ENDM
         
          	.MACRO __LSLW8SX
          	MOVW R30,R28
          	SUBI R30,LOW(-@0)
          	SBCI R31,HIGH(-@0)
          	LD   R31,Z
          	CLR  R30
          	.ENDM
         
          	.MACRO __PUTB1SX
          	MOVW R26,R28
          	SUBI R26,LOW(-@0)
          	SBCI R27,HIGH(-@0)
          	ST   X,R30
          	.ENDM
         
          	.MACRO __PUTW1SX
          	MOVW R26,R28
          	SUBI R26,LOW(-@0)
          	SBCI R27,HIGH(-@0)
          	ST   X+,R30
          	ST   X,R31
          	.ENDM
         
          	.MACRO __PUTD1SX
          	MOVW R26,R28
          	SUBI R26,LOW(-@0)
          	SBCI R27,HIGH(-@0)
          	ST   X+,R30
          	ST   X+,R31
          	ST   X+,R22
          	ST   X,R23
          	.ENDM
         
          	.MACRO __CLRW1SX
          	MOVW R30,R28
          	SUBI R30,LOW(-@0)
          	SBCI R31,HIGH(-@0)
          	CLR  R0
          	ST   Z+,R0
          	ST   Z,R0
          	.ENDM
         
          	.MACRO __CLRD1SX
          	MOVW R30,R28
          	SUBI R30,LOW(-@0)
          	SBCI R31,HIGH(-@0)
          	CLR  R0
          	ST   Z+,R0
          	ST   Z+,R0
          	ST   Z+,R0
          	ST   Z,R0
          	.ENDM
         
          	.MACRO __PUTB2SX
          	MOVW R30,R28
          	SUBI R30,LOW(-@0)
          	SBCI R31,HIGH(-@0)
          	ST   Z,R26
          	.ENDM
         
          	.MACRO __PUTW2SX
          	MOVW R30,R28
          	SUBI R30,LOW(-@0)
          	SBCI R31,HIGH(-@0)
          	ST   Z+,R26
          	ST   Z,R27
          	.ENDM
         
          	.MACRO __PUTBSRX
          	MOVW R30,R28
          	SUBI R30,LOW(-@0)
          	SBCI R31,HIGH(-@0)
          	ST   Z,R@1
          	.ENDM
         
          	.MACRO __PUTWSRX
          	MOVW R30,R28
          	SUBI R30,LOW(-@2)
          	SBCI R31,HIGH(-@2)
          	ST   Z+,R@0
          	ST   Z,R@1
          	.ENDM
         
          	.MACRO __PUTB1SNX
          	MOVW R26,R28
          	SUBI R26,LOW(-@0)
          	SBCI R27,HIGH(-@0)
          	LD   R0,X+
          	LD   R27,X
          	MOV  R26,R0
          	SUBI R26,LOW(-@1)
          	SBCI R27,HIGH(-@1)
          	ST   X,R30
          	.ENDM
         
          	.MACRO __PUTW1SNX
          	MOVW R26,R28
          	SUBI R26,LOW(-@0)
          	SBCI R27,HIGH(-@0)
          	LD   R0,X+
          	LD   R27,X
          	MOV  R26,R0
          	SUBI R26,LOW(-@1)
          	SBCI R27,HIGH(-@1)
          	ST   X+,R30
          	ST   X,R31
          	.ENDM
         
          	.MACRO __PUTD1SNX
          	MOVW R26,R28
          	SUBI R26,LOW(-@0)
          	SBCI R27,HIGH(-@0)
          	LD   R0,X+
          	LD   R27,X
          	MOV  R26,R0
          	SUBI R26,LOW(-@1)
          	SBCI R27,HIGH(-@1)
          	ST   X+,R30
          	ST   X+,R31
          	ST   X+,R22
          	ST   X,R23
          	.ENDM
         
          	.MACRO __MULBRR
          	MULS R@0,R@1
          	MOV  R30,R0
          	.ENDM
         
          	.MACRO __MULBRRU
          	MUL  R@0,R@1
          	MOV  R30,R0
          	.ENDM
         
          	.CSEG
          	.ORG 0
         
          	.INCLUDE "serial.vec"
         
         ;INTERRUPT VECTORS
000000 940c 00ee 	JMP  __RESET
000002 940c 0000 	JMP  0
000004 940c 0000 	JMP  0
000006 940c 0000 	JMP  0
000008 940c 0000 	JMP  0
00000a 940c 0000 	JMP  0
00000c 940c 0000 	JMP  0
00000e 940c 0000 	JMP  0
000010 940c 0000 	JMP  0
000012 940c 0000 	JMP  0
000014 940c 0000 	JMP  0
000016 940c 011e 	JMP  _usart_rx_isr
000018 940c 0000 	JMP  0
00001a 940c 0156 	JMP  _usart_tx_isr
00001c 940c 0000 	JMP  0
00001e 940c 0000 	JMP  0
000020 940c 0000 	JMP  0
000022 940c 0000 	JMP  0
000024 940c 0000 	JMP  0
000026 940c 0000 	JMP  0
000028 940c 0000 	JMP  0
         
          	.INCLUDE "serial.inc"
          	.DEF _rx_wr_index=R4
          	.DEF _rx_rd_index=R5
          	.DEF _rx_counter=R6
          	.DEF _tx_wr_index=R7
          	.DEF _tx_rd_index=R8
          	.DEF _tx_counter=R9
          _0:
          	.DB  0xD,0x61,0x20,0x69,0x73,0x20,0x72,0x65
00002a 610d
00002b 6920
00002c 2073
00002d 6572
          	.DB  0x63,0x65,0x69,0x76,0x65,0x64,0x0,0xD
00002e 6563
00002f 7669
000030 6465
000031 0d00
          	.DB  0x62,0x20,0x69,0x73,0x20,0x72,0x65,0x63
000032 2062
000033 7369
000034 7220
000035 6365
          	.DB  0x65,0x69,0x76,0x65,0x64,0x0,0xD,0x63
000036 6965
000037 6576
000038 0064
000039 630d
          	.DB  0x20,0x69,0x73,0x20,0x72,0x65,0x63,0x65
00003a 6920
00003b 2073
00003c 6572
00003d 6563
          	.DB  0x69,0x76,0x65,0x64,0x0,0xD,0x64,0x20
00003e 7669
00003f 6465
000040 0d00
000041 2064
          	.DB  0x69,0x73,0x20,0x72,0x65,0x63,0x65,0x69
000042 7369
000043 7220
000044 6365
000045 6965
          	.DB  0x76,0x65,0x64,0x0,0xD,0x65,0x20,0x69
000046 6576
000047 0064
000048 650d
000049 6920
          	.DB  0x73,0x20,0x72,0x65,0x63,0x65,0x69,0x76
00004a 2073
00004b 6572
00004c 6563
00004d 7669
          	.DB  0x65,0x64,0x0,0xD,0x66,0x20,0x69,0x73
00004e 6465
00004f 0d00
000050 2066
000051 7369
          	.DB  0x20,0x72,0x65,0x63,0x65,0x69,0x76,0x65
000052 7220
000053 6365
000054 6965
000055 6576
          	.DB  0x64,0x0,0xD,0x67,0x20,0x69,0x73,0x20
000056 0064
000057 670d
000058 6920
000059 2073
          	.DB  0x72,0x65,0x63,0x65,0x69,0x76,0x65,0x64
00005a 6572
00005b 6563
00005c 7669
00005d 6465
          	.DB  0x0,0xD,0x68,0x20,0x69,0x73,0x20,0x72
00005e 0d00
00005f 2068
000060 7369
000061 7220
          	.DB  0x65,0x63,0x65,0x69,0x76,0x65,0x64,0x0
000062 6365
000063 6965
000064 6576
000065 0064
          	.DB  0xD,0x69,0x20,0x69,0x73,0x20,0x72,0x65
000066 690d
000067 6920
000068 2073
000069 6572
          	.DB  0x63,0x65,0x69,0x76,0x65,0x64,0x0,0xD
00006a 6563
00006b 7669
00006c 6465
00006d 0d00
          	.DB  0x6A,0x20,0x69,0x73,0x20,0x72,0x65,0x63
00006e 206a
00006f 7369
000070 7220
000071 6365
          	.DB  0x65,0x69,0x76,0x65,0x64,0x0,0xD,0x6B
000072 6965
000073 6576
000074 0064
000075 6b0d
          	.DB  0x20,0x69,0x73,0x20,0x72,0x65,0x63,0x65
000076 6920
000077 2073
000078 6572
000079 6563
          	.DB  0x69,0x76,0x65,0x64,0x0,0xD,0x6C,0x20
00007a 7669
00007b 6465
00007c 0d00
00007d 206c
          	.DB  0x69,0x73,0x20,0x72,0x65,0x63,0x65,0x69
00007e 7369
00007f 7220
000080 6365
000081 6965
          	.DB  0x76,0x65,0x64,0x0,0xD,0x6D,0x20,0x69
000082 6576
000083 0064
000084 6d0d
000085 6920
          	.DB  0x73,0x20,0x72,0x65,0x63,0x65,0x69,0x76
000086 2073
000087 6572
000088 6563
000089 7669
          	.DB  0x65,0x64,0x0,0xD,0x6E,0x20,0x69,0x73
00008a 6465
00008b 0d00
00008c 206e
00008d 7369
          	.DB  0x20,0x72,0x65,0x63,0x65,0x69,0x76,0x65
00008e 7220
00008f 6365
000090 6965
000091 6576
          	.DB  0x64,0x0,0xD,0x6F,0x20,0x69,0x73,0x20
000092 0064
000093 6f0d
000094 6920
000095 2073
          	.DB  0x72,0x65,0x63,0x65,0x69,0x76,0x65,0x64
000096 6572
000097 6563
000098 7669
000099 6465
          	.DB  0x0,0xD,0x70,0x20,0x69,0x73,0x20,0x72
00009a 0d00
00009b 2070
00009c 7369
00009d 7220
          	.DB  0x65,0x63,0x65,0x69,0x76,0x65,0x64,0x0
00009e 6365
00009f 6965
0000a0 6576
0000a1 0064
          	.DB  0xD,0x71,0x20,0x69,0x73,0x20,0x72,0x65
0000a2 710d
0000a3 6920
0000a4 2073
0000a5 6572
          	.DB  0x63,0x65,0x69,0x76,0x65,0x64,0x0,0xD
0000a6 6563
0000a7 7669
0000a8 6465
0000a9 0d00
          	.DB  0x72,0x20,0x69,0x73,0x20,0x72,0x65,0x63
0000aa 2072
0000ab 7369
0000ac 7220
0000ad 6365
          	.DB  0x65,0x69,0x76,0x65,0x64,0x0,0xD,0x73
0000ae 6965
0000af 6576
0000b0 0064
0000b1 730d
          	.DB  0x20,0x69,0x73,0x20,0x72,0x65,0x63,0x65
0000b2 6920
0000b3 2073
0000b4 6572
0000b5 6563
          	.DB  0x69,0x76,0x65,0x64,0x0,0xD,0x74,0x20
0000b6 7669
0000b7 6465
0000b8 0d00
0000b9 2074
          	.DB  0x69,0x73,0x20,0x72,0x65,0x63,0x65,0x69
0000ba 7369
0000bb 7220
0000bc 6365
0000bd 6965
          	.DB  0x76,0x65,0x64,0x0,0xD,0x75,0x20,0x69
0000be 6576
0000bf 0064
0000c0 750d
0000c1 6920
          	.DB  0x73,0x20,0x72,0x65,0x63,0x65,0x69,0x76
0000c2 2073
0000c3 6572
0000c4 6563
0000c5 7669
          	.DB  0x65,0x64,0x0,0xD,0x76,0x20,0x69,0x73
0000c6 6465
0000c7 0d00
0000c8 2076
0000c9 7369
          	.DB  0x20,0x72,0x65,0x63,0x65,0x69,0x76,0x65
0000ca 7220
0000cb 6365
0000cc 6965
0000cd 6576
          	.DB  0x64,0x0,0xD,0x77,0x20,0x69,0x73,0x20
0000ce 0064
0000cf 770d
0000d0 6920
0000d1 2073
          	.DB  0x72,0x65,0x63,0x65,0x69,0x76,0x65,0x64
0000d2 6572
0000d3 6563
0000d4 7669
0000d5 6465
          	.DB  0x0,0xD,0x78,0x20,0x69,0x73,0x20,0x72
0000d6 0d00
0000d7 2078
0000d8 7369
0000d9 7220
          	.DB  0x65,0x63,0x65,0x69,0x76,0x65,0x64,0x0
0000da 6365
0000db 6965
0000dc 6576
0000dd 0064
          	.DB  0xD,0x79,0x20,0x69,0x73,0x20,0x72,0x65
0000de 790d
0000df 6920
0000e0 2073
0000e1 6572
          	.DB  0x63,0x65,0x69,0x76,0x65,0x64,0x0,0xD
0000e2 6563
0000e3 7669
0000e4 6465
0000e5 0d00
          	.DB  0x7A,0x20,0x69,0x73,0x20,0x72,0x65,0x63
0000e6 207a
0000e7 7369
0000e8 7220
0000e9 6365
          	.DB  0x65,0x69,0x76,0x65,0x64,0x0
0000ea 6965
0000eb 6576
0000ec 0064
         
          __GLOBAL_INI_TBL:
          	.DW  0
0000ed 0000
         
          __RESET:
0000ee 94f8      	CLI
0000ef 27ee      	CLR  R30
0000f0 bbec      	OUT  EECR,R30
         
         ;INTERRUPT VECTORS ARE PLACED
         ;AT THE START OF FLASH
0000f1 e0f1      	LDI  R31,1
0000f2 bffb      	OUT  GICR,R31
0000f3 bfeb      	OUT  GICR,R30
0000f4 bfe5      	OUT  MCUCR,R30
         
         ;DISABLE WATCHDOG
0000f5 e1f8      	LDI  R31,0x18
0000f6 bdf1      	OUT  WDTCR,R31
0000f7 bde1      	OUT  WDTCR,R30
         
         ;CLEAR R2-R14
0000f8 e08d      	LDI  R24,13
0000f9 e0a2      	LDI  R26,2
0000fa 27bb      	CLR  R27
          __CLEAR_REG:
0000fb 93ed      	ST   X+,R30
0000fc 958a      	DEC  R24
0000fd f7e9      	BRNE __CLEAR_REG
         
         ;CLEAR SRAM
0000fe e080      	LDI  R24,LOW(0x400)
0000ff e094      	LDI  R25,HIGH(0x400)
000100 e6a0      	LDI  R26,0x60
          __CLEAR_SRAM:
000101 93ed      	ST   X+,R30
000102 9701      	SBIW R24,1
000103 f7e9      	BRNE __CLEAR_SRAM
         
         ;GLOBAL VARIABLES INITIALIZATION
000104 edea      	LDI  R30,LOW(__GLOBAL_INI_TBL*2)
000105 e0f1      	LDI  R31,HIGH(__GLOBAL_INI_TBL*2)
          __GLOBAL_INI_NEXT:
000106 9185      	LPM  R24,Z+
000107 9195      	LPM  R25,Z+
000108 9700      	SBIW R24,0
000109 f061      	BREQ __GLOBAL_INI_END
00010a 91a5      	LPM  R26,Z+
00010b 91b5      	LPM  R27,Z+
00010c 9005      	LPM  R0,Z+
00010d 9015      	LPM  R1,Z+
00010e 01bf      	MOVW R22,R30
00010f 01f0      	MOVW R30,R0
          __GLOBAL_INI_LOOP:
000110 9005      	LPM  R0,Z+
000111 920d      	ST   X+,R0
000112 9701      	SBIW R24,1
000113 f7e1      	BRNE __GLOBAL_INI_LOOP
000114 01fb      	MOVW R30,R22
000115 cff0      	RJMP __GLOBAL_INI_NEXT
          __GLOBAL_INI_END:
         
         ;STACK POINTER INITIALIZATION
000116 e5ef      	LDI  R30,LOW(0x45F)
000117 bfed      	OUT  SPL,R30
000118 e0e4      	LDI  R30,HIGH(0x45F)
000119 bfee      	OUT  SPH,R30
         
         ;DATA STACK POINTER INITIALIZATION
00011a e6c0      	LDI  R28,LOW(0x160)
00011b e0d1      	LDI  R29,HIGH(0x160)
         
00011c 940c 0187 	JMP  _main
         
          	.ESEG
          	.ORG 0
         
          	.DSEG
          	.ORG 0x160
         ;       1 /*****************************************************
         ;       2 This program was produced by the
         ;       3 CodeWizardAVR V1.24.2c Standard
         ;       4 Automatic Program Generator
         ;       5 © Copyright 1998-2004 Pavel Haiduc, HP InfoTech s.r.l.
         ;       6 http://www.hpinfotech.ro
         ;       7 e-mail:office@hpinfotech.ro
         ;       8 
         ;       9 Project : 
         ;      10 Version : 
         ;      11 Date    : 3/19/2008
         ;      12 Author  : Artin                           
         ;      13 Company :                                 
         ;      14 Comments: 
         ;      15 
         ;      16 
         ;      17 Chip type           : ATmega16
         ;      18 Program type        : Application
         ;      19 Clock frequency     : 4.000000 MHz
         ;      20 Memory model        : Small
         ;      21 External SRAM size  : 0
         ;      22 Data Stack size     : 256
         ;      23 *****************************************************/
         ;      24 
         ;      25 #include <mega16.h>
         ;      26 
         ;      27 #define RXB8 1
         ;      28 #define TXB8 0
         ;      29 #define UPE 2
         ;      30 #define OVR 3
         ;      31 #define FE 4
         ;      32 #define UDRE 5
         ;      33 #define RXC 7
         ;      34 
         ;      35 #define FRAMING_ERROR (1<<FE)
         ;      36 #define PARITY_ERROR (1<<UPE)
         ;      37 #define DATA_OVERRUN (1<<OVR)
         ;      38 #define DATA_REGISTER_EMPTY (1<<UDRE)
         ;      39 #define RX_COMPLETE (1<<RXC)
         ;      40 
         ;      41 // USART Receiver buffer
         ;      42 #define RX_BUFFER_SIZE 8
         ;      43 char rx_buffer[RX_BUFFER_SIZE];
          _rx_buffer:
000160      	.BYTE 0x8
         ;      44 
         ;      45 #if RX_BUFFER_SIZE<256
         ;      46 unsigned char rx_wr_index,rx_rd_index,rx_counter;
         ;      47 #else
         ;      48 unsigned int rx_wr_index,rx_rd_index,rx_counter;
         ;      49 #endif
         ;      50 
         ;      51 // This flag is set on USART Receiver buffer overflow
         ;      52 bit rx_buffer_overflow;
         ;      53 
         ;      54 // USART Receiver interrupt service routine
         ;      55 interrupt [USART_RXC] void usart_rx_isr(void)
         ;      56 {
         
          	.CSEG
          _usart_rx_isr:
00011e 93aa      	ST   -Y,R26
00011f 93ba      	ST   -Y,R27
000120 93ea      	ST   -Y,R30
000121 b7ef      	IN   R30,SREG
000122 93ea      	ST   -Y,R30
         ;      57 char status,data;
         ;      58 status=UCSRA;
000123 931a      	ST   -Y,R17
000124 930a      	ST   -Y,R16
         ;	status -> R16
         ;	data -> R17
000125 b10b      	IN   R16,11
         ;      59 data=UDR;
000126 b11c      	IN   R17,12
         ;      60 if ((status & (FRAMING_ERROR | PARITY_ERROR | DATA_OVERRUN))==0)
000127 2fe0      	MOV  R30,R16
000128 71ec      	ANDI R30,LOW(0x1C)
000129 f489      	BRNE _0x3
         ;      61    {
         ;      62    rx_buffer[rx_wr_index]=data;
00012a 2da4      	MOV  R26,R4
00012b e0b0      	LDI  R27,0
00012c 5aa0      	SUBI R26,LOW(-_rx_buffer)
00012d 4fbe      	SBCI R27,HIGH(-_rx_buffer)
00012e 931c      	ST   X,R17
         ;      63    if (++rx_wr_index == RX_BUFFER_SIZE) rx_wr_index=0;
00012f 9443      	INC  R4
000130 e0e8      	LDI  R30,LOW(8)
000131 15e4      	CP   R30,R4
000132 f409      	BRNE _0x4
000133 2444      	CLR  R4
         ;      64    if (++rx_counter == RX_BUFFER_SIZE)
          _0x4:
000134 9463      	INC  R6
000135 e0e8      	LDI  R30,LOW(8)
000136 15e6      	CP   R30,R6
000137 f419      	BRNE _0x5
         ;      65       {
         ;      66       rx_counter=0;
000138 2466      	CLR  R6
         ;      67       rx_buffer_overflow=1;
000139 9468      	SET
00013a f820      	BLD  R2,0
         ;      68       };
          _0x5:
         ;      69    };
          _0x3:
         ;      70 }
00013b 9109      	LD   R16,Y+
00013c 9119      	LD   R17,Y+
00013d 91e9      	LD   R30,Y+
00013e bfef      	OUT  SREG,R30
00013f 91e9      	LD   R30,Y+
000140 91b9      	LD   R27,Y+
000141 91a9      	LD   R26,Y+
000142 9518      	RETI
         ;      71 
         ;      72 #ifndef _DEBUG_TERMINAL_IO_
         ;      73 // Get a character from the USART Receiver buffer
         ;      74 #define _ALTERNATE_GETCHAR_
         ;      75 #pragma used+
         ;      76 char getchar(void)
         ;      77 {
          _getchar:
         ;      78 char data;
         ;      79 while (rx_counter==0);
000143 930a      	ST   -Y,R16
         ;	data -> R16
          _0x6:
000144 2066      	TST  R6
000145 f3f1      	BREQ _0x6
         ;      80 data=rx_buffer[rx_rd_index];
000146 2de5      	MOV  R30,R5
000147 e0f0      	LDI  R31,0
000148 5ae0      	SUBI R30,LOW(-_rx_buffer)
000149 4ffe      	SBCI R31,HIGH(-_rx_buffer)
00014a 8100      	LD   R16,Z
         ;      81 if (++rx_rd_index == RX_BUFFER_SIZE) rx_rd_index=0;
00014b 9453      	INC  R5
00014c e0e8      	LDI  R30,LOW(8)
00014d 15e5      	CP   R30,R5
00014e f409      	BRNE _0x9
00014f 2455      	CLR  R5
         ;      82 #asm("cli")
          _0x9:
000150 94f8      	cli
         ;      83 --rx_counter;
000151 946a      	DEC  R6
         ;      84 #asm("sei")
000152 9478      	sei
         ;      85 return data;
000153 2fe0      	MOV  R30,R16
000154 9109      	LD   R16,Y+
000155 9508      	RET
         ;      86 }
         ;      87 #pragma used-
         ;      88 #endif
         ;      89 
         ;      90 // USART Transmitter buffer
         ;      91 #define TX_BUFFER_SIZE 8
         ;      92 char tx_buffer[TX_BUFFER_SIZE];
         
          	.DSEG
          _tx_buffer:
000168      	.BYTE 0x8
         ;      93 
         ;      94 #if TX_BUFFER_SIZE<256
         ;      95 unsigned char tx_wr_index,tx_rd_index,tx_counter;
         ;      96 #else
         ;      97 unsigned int tx_wr_index,tx_rd_index,tx_counter;
         ;      98 #endif
         ;      99 
         ;     100 // USART Transmitter interrupt service routine
         ;     101 interrupt [USART_TXC] void usart_tx_isr(void)
         ;     102 {
         
          	.CSEG
          _usart_tx_isr:
000156 93ea      	ST   -Y,R30
000157 93fa      	ST   -Y,R31
000158 b7ef      	IN   R30,SREG
000159 93ea      	ST   -Y,R30
         ;     103 if (tx_counter)
00015a 2099      	TST  R9
00015b f061      	BREQ _0xA
         ;     104    {
         ;     105    --tx_counter;
00015c 949a      	DEC  R9
         ;     106    UDR=tx_buffer[tx_rd_index];
00015d 2de8      	MOV  R30,R8
00015e e0f0      	LDI  R31,0
00015f 59e8      	SUBI R30,LOW(-_tx_buffer)
000160 4ffe      	SBCI R31,HIGH(-_tx_buffer)
000161 81e0      	LD   R30,Z
000162 b9ec      	OUT  0xC,R30
         ;     107    if (++tx_rd_index == TX_BUFFER_SIZE) tx_rd_index=0;
000163 9483      	INC  R8
000164 e0e8      	LDI  R30,LOW(8)
000165 15e8      	CP   R30,R8
000166 f409      	BRNE _0xB
000167 2488      	CLR  R8
         ;     108    };
          _0xB:
          _0xA:
         ;     109 }
000168 91e9      	LD   R30,Y+
000169 bfef      	OUT  SREG,R30
00016a 91f9      	LD   R31,Y+
00016b 91e9      	LD   R30,Y+
00016c 9518      	RETI
         ;     110 
         ;     111 #ifndef _DEBUG_TERMINAL_IO_
         ;     112 // Write a character to the USART Transmitter buffer
         ;     113 #define _ALTERNATE_PUTCHAR_
         ;     114 #pragma used+
         ;     115 void putchar(char c)
         ;     116 {
          _putchar:
         ;     117 while (tx_counter == TX_BUFFER_SIZE);
          _0xC:
00016d e0e8      	LDI  R30,LOW(8)
00016e 15e9      	CP   R30,R9
00016f f3e9      	BREQ _0xC
         ;     118 #asm("cli")
000170 94f8      	cli
         ;     119 if (tx_counter || ((UCSRA & DATA_REGISTER_EMPTY)==0))
000171 2099      	TST  R9
000172 f411      	BRNE _0x10
000173 995d      	SBIC 0xB,5
000174 c00d      	RJMP _0xF
          _0x10:
         ;     120    {
         ;     121    tx_buffer[tx_wr_index]=c;
000175 2da7      	MOV  R26,R7
000176 e0b0      	LDI  R27,0
000177 59a8      	SUBI R26,LOW(-_tx_buffer)
000178 4fbe      	SBCI R27,HIGH(-_tx_buffer)
000179 81e8      	LD   R30,Y
00017a 93ec      	ST   X,R30
         ;     122    if (++tx_wr_index == TX_BUFFER_SIZE) tx_wr_index=0;
00017b 9473      	INC  R7
00017c e0e8      	LDI  R30,LOW(8)
00017d 15e7      	CP   R30,R7
00017e f409      	BRNE _0x12
00017f 2477      	CLR  R7
         ;     123    ++tx_counter;
          _0x12:
000180 9493      	INC  R9
         ;     124    }
         ;     125 else
000181 c002      	RJMP _0x13
          _0xF:
         ;     126    UDR=c;
000182 81e8      	LD   R30,Y
000183 b9ec      	OUT  0xC,R30
          _0x13:
         ;     127 #asm("sei")
000184 9478      	sei
         ;     128 }
000185 9621      	ADIW R28,1
000186 9508      	RET
         ;     129 #pragma used-
         ;     130 #endif
         ;     131 
         ;     132 // Standard Input/Output functions
         ;     133 #include <stdio.h>  
         ;     134 #include <delay.h>
         ;     135 
         ;     136 // Declare your global variables here
         ;     137 
         ;     138 void main(void)
         ;     139 {
          _main:
         ;     140 // Declare your local variables here
         ;     141 char Data;
         ;     142 
         ;     143 // Input/Output Ports initialization
         ;     144 // Port A initialization
         ;     145 // Func7=In Func6=In Func5=In Func4=In Func3=In Func2=In Func1=In Func0=In 
         ;     146 // State7=T State6=T State5=T State4=T State3=T State2=T State1=T State0=T 
         ;     147 PORTA=0x00;
         ;	Data -> R16
000187 e0e0      	LDI  R30,LOW(0)
000188 bbeb      	OUT  0x1B,R30
         ;     148 DDRA=0x00;
000189 bbea      	OUT  0x1A,R30
         ;     149 
         ;     150 // Port B initialization
         ;     151 // Func7=In Func6=In Func5=In Func4=In Func3=In Func2=In Func1=In Func0=In 
         ;     152 // State7=T State6=T State5=T State4=T State3=T State2=T State1=T State0=T 
         ;     153 PORTB=0x00;
00018a bbe8      	OUT  0x18,R30
         ;     154 DDRB=0x00;
00018b bbe7      	OUT  0x17,R30
         ;     155 
         ;     156 // Port C initialization
         ;     157 // Func7=In Func6=In Func5=In Func4=In Func3=In Func2=In Func1=In Func0=In 
         ;     158 // State7=T State6=T State5=T State4=T State3=T State2=T State1=T State0=T 
         ;     159 PORTC=0x00;
00018c bbe5      	OUT  0x15,R30
         ;     160 DDRC=0x00;
00018d bbe4      	OUT  0x14,R30
         ;     161 
         ;     162 // Port D initialization
         ;     163 // Func7=In Func6=In Func5=In Func4=In Func3=In Func2=In Func1=In Func0=In 
         ;     164 // State7=T State6=T State5=T State4=T State3=T State2=T State1=T State0=T 
         ;     165 PORTD=0x00;
00018e bbe2      	OUT  0x12,R30
         ;     166 DDRD=0x00;
00018f bbe1      	OUT  0x11,R30
         ;     167 
         ;     168 // Timer/Counter 0 initialization
         ;     169 // Clock source: System Clock
         ;     170 // Clock value: Timer 0 Stopped
         ;     171 // Mode: Normal top=FFh
         ;     172 // OC0 output: Disconnected
         ;     173 TCCR0=0x00;
000190 bfe3      	OUT  0x33,R30
         ;     174 TCNT0=0x00;
000191 bfe2      	OUT  0x32,R30
         ;     175 OCR0=0x00;
000192 bfec      	OUT  0x3C,R30
         ;     176 
         ;     177 // Timer/Counter 1 initialization
         ;     178 // Clock source: System Clock
         ;     179 // Clock value: Timer 1 Stopped
         ;     180 // Mode: Normal top=FFFFh
         ;     181 // OC1A output: Discon.
         ;     182 // OC1B output: Discon.
         ;     183 // Noise Canceler: Off
         ;     184 // Input Capture on Falling Edge
         ;     185 TCCR1A=0x00;
000193 bdef      	OUT  0x2F,R30
         ;     186 TCCR1B=0x00;
000194 bdee      	OUT  0x2E,R30
         ;     187 TCNT1H=0x00;
000195 bded      	OUT  0x2D,R30
         ;     188 TCNT1L=0x00;
000196 bdec      	OUT  0x2C,R30
         ;     189 ICR1H=0x00;
000197 bde7      	OUT  0x27,R30
         ;     190 ICR1L=0x00;
000198 bde6      	OUT  0x26,R30
         ;     191 OCR1AH=0x00;
000199 bdeb      	OUT  0x2B,R30
         ;     192 OCR1AL=0x00;
00019a bdea      	OUT  0x2A,R30
         ;     193 OCR1BH=0x00;
00019b bde9      	OUT  0x29,R30
         ;     194 OCR1BL=0x00;
00019c bde8      	OUT  0x28,R30
         ;     195 
         ;     196 // Timer/Counter 2 initialization
         ;     197 // Clock source: System Clock
         ;     198 // Clock value: Timer 2 Stopped
         ;     199 // Mode: Normal top=FFh
         ;     200 // OC2 output: Disconnected
         ;     201 ASSR=0x00;
00019d bde2      	OUT  0x22,R30
         ;     202 TCCR2=0x00;
00019e bde5      	OUT  0x25,R30
         ;     203 TCNT2=0x00;
00019f bde4      	OUT  0x24,R30
         ;     204 OCR2=0x00;
0001a0 bde3      	OUT  0x23,R30
         ;     205 
         ;     206 // External Interrupt(s) initialization
         ;     207 // INT0: Off
         ;     208 // INT1: Off
         ;     209 // INT2: Off
         ;     210 MCUCR=0x00;
0001a1 bfe5      	OUT  0x35,R30
         ;     211 MCUCSR=0x00;
0001a2 bfe4      	OUT  0x34,R30
         ;     212 
         ;     213 // Timer(s)/Counter(s) Interrupt(s) initialization
         ;     214 TIMSK=0x00;
0001a3 bfe9      	OUT  0x39,R30
         ;     215 
         ;     216 // USART initialization
         ;     217 // Communication Parameters: 8 Data, 1 Stop, No Parity
         ;     218 // USART Receiver: On
         ;     219 // USART Transmitter: On
         ;     220 // USART Mode: Asynchronous
         ;     221 // USART Baud rate: 9600
         ;     222 UCSRA=0x00;
0001a4 b9eb      	OUT  0xB,R30
         ;     223 UCSRB=0xD8;
0001a5 ede8      	LDI  R30,LOW(216)
0001a6 b9ea      	OUT  0xA,R30
         ;     224 UCSRC=0x86;
0001a7 e8e6      	LDI  R30,LOW(134)
0001a8 bde0      	OUT  0x20,R30
         ;     225 UBRRH=0x00;
0001a9 e0e0      	LDI  R30,LOW(0)
0001aa bde0      	OUT  0x20,R30
         ;     226 UBRRL=0x19;
0001ab e1e9      	LDI  R30,LOW(25)
0001ac b9e9      	OUT  0x9,R30
         ;     227 
         ;     228 // Analog Comparator initialization
         ;     229 // Analog Comparator: Off
         ;     230 // Analog Comparator Input Capture by Timer/Counter 1: Off
         ;     231 // Analog Comparator Output: Off
         ;     232 ACSR=0x80;
0001ad e8e0      	LDI  R30,LOW(128)
0001ae b9e8      	OUT  0x8,R30
         ;     233 SFIOR=0x00;
0001af e0e0      	LDI  R30,LOW(0)
0001b0 bfe0      	OUT  0x30,R30
         ;     234 
         ;     235 // Global enable interrupts
         ;     236 #asm("sei")
0001b1 9478      	sei
         ;     237 
         ;     238 while (1)
          _0x14:
         ;     239       {
         ;     240       // Place your code here
         ;     241       Data = getchar();
0001b2 df90      	RCALL _getchar
0001b3 2f0e      	MOV  R16,R30
         ;     242       switch(Data)
0001b4 2fe0      	MOV  R30,R16
         ;     243       {
         ;     244       	case 'a':
0001b5 36e1      	CPI  R30,LOW(0x61)
0001b6 f011      	BREQ _0x1B
         ;     245       	case 'A':
0001b7 34e1      	CPI  R30,LOW(0x41)
0001b8 f439      	BRNE _0x1C
          _0x1B:
         ;     246       		putsf("\ra is received");
0001b9   +  	__POINTW1FN _0,0
0001bb 93fa      	ST   -Y,R31
0001bc 93ea      	ST   -Y,R30
0001bd 940e 02da 	CALL _putsf
         ;     247       	break;
0001bf c112      	RJMP _0x19
         ;     248      	case 'b':
          _0x1C:
0001c0 36e2      	CPI  R30,LOW(0x62)
0001c1 f011      	BREQ _0x1E
         ;     249       	case 'B':
0001c2 34e2      	CPI  R30,LOW(0x42)
0001c3 f439      	BRNE _0x1F
          _0x1E:
         ;     250       		putsf("\rb is received");     	
0001c4   +  	__POINTW1FN _0,15
0001c6 93fa      	ST   -Y,R31
0001c7 93ea      	ST   -Y,R30
0001c8 940e 02da 	CALL _putsf
         ;     251       	break;
0001ca c107      	RJMP _0x19
         ;     252       	case 'c':                    
          _0x1F:
0001cb 36e3      	CPI  R30,LOW(0x63)
0001cc f011      	BREQ _0x21
         ;     253       	case 'C':
0001cd 34e3      	CPI  R30,LOW(0x43)
0001ce f439      	BRNE _0x22
          _0x21:
         ;     254       		putsf("\rc is received");      	
0001cf   +  	__POINTW1FN _0,30
0001d1 93fa      	ST   -Y,R31
0001d2 93ea      	ST   -Y,R30
0001d3 940e 02da 	CALL _putsf
         ;     255       	break;
0001d5 c0fc      	RJMP _0x19
         ;     256       	case 'd':                    
          _0x22:
0001d6 36e4      	CPI  R30,LOW(0x64)
0001d7 f011      	BREQ _0x24
         ;     257       	case 'D':
0001d8 34e4      	CPI  R30,LOW(0x44)
0001d9 f439      	BRNE _0x25
          _0x24:
         ;     258       		putsf("\rd is received");      	
0001da   +  	__POINTW1FN _0,45
0001dc 93fa      	ST   -Y,R31
0001dd 93ea      	ST   -Y,R30
0001de 940e 02da 	CALL _putsf
         ;     259       	break;
0001e0 c0f1      	RJMP _0x19
         ;     260       	case 'e':                    
          _0x25:
0001e1 36e5      	CPI  R30,LOW(0x65)
0001e2 f011      	BREQ _0x27
         ;     261       	case 'E':
0001e3 34e5      	CPI  R30,LOW(0x45)
0001e4 f439      	BRNE _0x28
          _0x27:
         ;     262       		putsf("\re is received");      	
0001e5   +  	__POINTW1FN _0,60
0001e7 93fa      	ST   -Y,R31
0001e8 93ea      	ST   -Y,R30
0001e9 940e 02da 	CALL _putsf
         ;     263       	break;
0001eb c0e6      	RJMP _0x19
         ;     264       	case 'f':                    
          _0x28:
0001ec 36e6      	CPI  R30,LOW(0x66)
0001ed f011      	BREQ _0x2A
         ;     265       	case 'F':
0001ee 34e6      	CPI  R30,LOW(0x46)
0001ef f439      	BRNE _0x2B
          _0x2A:
         ;     266       		putsf("\rf is received");      	
0001f0   +  	__POINTW1FN _0,75
0001f2 93fa      	ST   -Y,R31
0001f3 93ea      	ST   -Y,R30
0001f4 940e 02da 	CALL _putsf
         ;     267       	break;
0001f6 c0db      	RJMP _0x19
         ;     268       	case 'g':                    
          _0x2B:
0001f7 36e7      	CPI  R30,LOW(0x67)
0001f8 f011      	BREQ _0x2D
         ;     269       	case 'G':
0001f9 34e7      	CPI  R30,LOW(0x47)
0001fa f439      	BRNE _0x2E
          _0x2D:
         ;     270       		putsf("\rg is received");      	
0001fb   +  	__POINTW1FN _0,90
0001fd 93fa      	ST   -Y,R31
0001fe 93ea      	ST   -Y,R30
0001ff 940e 02da 	CALL _putsf
         ;     271       	break;
000201 c0d0      	RJMP _0x19
         ;     272       	case 'h':                    
          _0x2E:
000202 36e8      	CPI  R30,LOW(0x68)
000203 f011      	BREQ _0x30
         ;     273       	case 'H':
000204 34e8      	CPI  R30,LOW(0x48)
000205 f439      	BRNE _0x31
          _0x30:
         ;     274       		putsf("\rh is received");      	
000206   +  	__POINTW1FN _0,105
000208 93fa      	ST   -Y,R31
000209 93ea      	ST   -Y,R30
00020a 940e 02da 	CALL _putsf
         ;     275       	break;
00020c c0c5      	RJMP _0x19
         ;     276       	case 'i':                    
          _0x31:
00020d 36e9      	CPI  R30,LOW(0x69)
00020e f011      	BREQ _0x33
         ;     277       	case 'I':
00020f 34e9      	CPI  R30,LOW(0x49)
000210 f439      	BRNE _0x34
          _0x33:
         ;     278       		putsf("\ri is received");      	
000211   +  	__POINTW1FN _0,120
000213 93fa      	ST   -Y,R31
000214 93ea      	ST   -Y,R30
000215 940e 02da 	CALL _putsf
         ;     279       	break;
000217 c0ba      	RJMP _0x19
         ;     280       	case 'j':                    
          _0x34:
000218 36ea      	CPI  R30,LOW(0x6A)
000219 f011      	BREQ _0x36
         ;     281       	case 'J':
00021a 34ea      	CPI  R30,LOW(0x4A)
00021b f439      	BRNE _0x37
          _0x36:
         ;     282       		putsf("\rj is received");      	
00021c   +  	__POINTW1FN _0,135
00021e 93fa      	ST   -Y,R31
00021f 93ea      	ST   -Y,R30
000220 940e 02da 	CALL _putsf
         ;     283       	break;
000222 c0af      	RJMP _0x19
         ;     284       	case 'k':                    
          _0x37:
000223 36eb      	CPI  R30,LOW(0x6B)
000224 f011      	BREQ _0x39
         ;     285       	case 'K':
000225 34eb      	CPI  R30,LOW(0x4B)
000226 f439      	BRNE _0x3A
          _0x39:
         ;     286       		putsf("\rk is received");      	
000227   +  	__POINTW1FN _0,150
000229 93fa      	ST   -Y,R31
00022a 93ea      	ST   -Y,R30
00022b 940e 02da 	CALL _putsf
         ;     287       	break;
00022d c0a4      	RJMP _0x19
         ;     288       	case 'l':
          _0x3A:
00022e 36ec      	CPI  R30,LOW(0x6C)
00022f f011      	BREQ _0x3C
         ;     289       	case 'L':
000230 34ec      	CPI  R30,LOW(0x4C)
000231 f439      	BRNE _0x3D
          _0x3C:
         ;     290       		putsf("\rl is received");      	
000232   +  	__POINTW1FN _0,165
000234 93fa      	ST   -Y,R31
000235 93ea      	ST   -Y,R30
000236 940e 02da 	CALL _putsf
         ;     291       	break;
000238 c099      	RJMP _0x19
         ;     292       	case 'm':                    
          _0x3D:
000239 36ed      	CPI  R30,LOW(0x6D)
00023a f011      	BREQ _0x3F
         ;     293       	case 'M':
00023b 34ed      	CPI  R30,LOW(0x4D)
00023c f439      	BRNE _0x40
          _0x3F:
         ;     294       		putsf("\rm is received");      	
00023d   +  	__POINTW1FN _0,180
00023f 93fa      	ST   -Y,R31
000240 93ea      	ST   -Y,R30
000241 940e 02da 	CALL _putsf
         ;     295       	break;
000243 c08e      	RJMP _0x19
         ;     296        	case 'n':
          _0x40:
000244 36ee      	CPI  R30,LOW(0x6E)
000245 f011      	BREQ _0x42
         ;     297       	case 'N':
000246 34ee      	CPI  R30,LOW(0x4E)
000247 f439      	BRNE _0x43
          _0x42:
         ;     298       		putsf("\rn is received");
000248   +  	__POINTW1FN _0,195
00024a 93fa      	ST   -Y,R31
00024b 93ea      	ST   -Y,R30
00024c 940e 02da 	CALL _putsf
         ;     299       	break;
00024e c083      	RJMP _0x19
         ;     300       	case 'o':
          _0x43:
00024f 36ef      	CPI  R30,LOW(0x6F)
000250 f011      	BREQ _0x45
         ;     301       	case 'O':
000251 34ef      	CPI  R30,LOW(0x4F)
000252 f439      	BRNE _0x46
          _0x45:
         ;     302       		putsf("\ro is received");
000253   +  	__POINTW1FN _0,210
000255 93fa      	ST   -Y,R31
000256 93ea      	ST   -Y,R30
000257 940e 02da 	CALL _putsf
         ;     303       	break;
000259 c078      	RJMP _0x19
         ;     304       	case 'p':
          _0x46:
00025a 37e0      	CPI  R30,LOW(0x70)
00025b f011      	BREQ _0x48
         ;     305       	case 'P':
00025c 35e0      	CPI  R30,LOW(0x50)
00025d f439      	BRNE _0x49
          _0x48:
         ;     306       		putsf("\rp is received");
00025e   +  	__POINTW1FN _0,225
000260 93fa      	ST   -Y,R31
000261 93ea      	ST   -Y,R30
000262 940e 02da 	CALL _putsf
         ;     307       	break;
000264 c06d      	RJMP _0x19
         ;     308       	case 'q':
          _0x49:
000265 37e1      	CPI  R30,LOW(0x71)
000266 f011      	BREQ _0x4B
         ;     309       	case 'Q':
000267 35e1      	CPI  R30,LOW(0x51)
000268 f439      	BRNE _0x4C
          _0x4B:
         ;     310       		putsf("\rq is received");
000269   +  	__POINTW1FN _0,240
00026b 93fa      	ST   -Y,R31
00026c 93ea      	ST   -Y,R30
00026d 940e 02da 	CALL _putsf
         ;     311       	break;
00026f c062      	RJMP _0x19
         ;     312       	case 'r':
          _0x4C:
000270 37e2      	CPI  R30,LOW(0x72)
000271 f011      	BREQ _0x4E
         ;     313       	case 'R':
000272 35e2      	CPI  R30,LOW(0x52)
000273 f439      	BRNE _0x4F
          _0x4E:
         ;     314       		putsf("\rr is received");
000274   +  	__POINTW1FN _0,255
000276 93fa      	ST   -Y,R31
000277 93ea      	ST   -Y,R30
000278 940e 02da 	CALL _putsf
         ;     315       	break;
00027a c057      	RJMP _0x19
         ;     316       	case 's':
          _0x4F:
00027b 37e3      	CPI  R30,LOW(0x73)
00027c f011      	BREQ _0x51
         ;     317       	case 'S':
00027d 35e3      	CPI  R30,LOW(0x53)
00027e f439      	BRNE _0x52
          _0x51:
         ;     318       		putsf("\rs is received");
00027f   +  	__POINTW1FN _0,270
000281 93fa      	ST   -Y,R31
000282 93ea      	ST   -Y,R30
000283 940e 02da 	CALL _putsf
         ;     319       	break;
000285 c04c      	RJMP _0x19
         ;     320       	case 't':
          _0x52:
000286 37e4      	CPI  R30,LOW(0x74)
000287 f011      	BREQ _0x54
         ;     321       	case 'T':
000288 35e4      	CPI  R30,LOW(0x54)
000289 f439      	BRNE _0x55
          _0x54:
         ;     322       		putsf("\rt is received");
00028a   +  	__POINTW1FN _0,285
00028c 93fa      	ST   -Y,R31
00028d 93ea      	ST   -Y,R30
00028e 940e 02da 	CALL _putsf
         ;     323       	break;
000290 c041      	RJMP _0x19
         ;     324       	case 'u':
          _0x55:
000291 37e5      	CPI  R30,LOW(0x75)
000292 f011      	BREQ _0x57
         ;     325       	case 'U':
000293 35e5      	CPI  R30,LOW(0x55)
000294 f439      	BRNE _0x58
          _0x57:
         ;     326       		putsf("\ru is received");
000295   +  	__POINTW1FN _0,300
000297 93fa      	ST   -Y,R31
000298 93ea      	ST   -Y,R30
000299 940e 02da 	CALL _putsf
         ;     327       	break;
00029b c036      	RJMP _0x19
         ;     328       	case 'v':
          _0x58:
00029c 37e6      	CPI  R30,LOW(0x76)
00029d f011      	BREQ _0x5A
         ;     329       	case 'V':
00029e 35e6      	CPI  R30,LOW(0x56)
00029f f439      	BRNE _0x5B
          _0x5A:
         ;     330       		putsf("\rv is received");
0002a0   +  	__POINTW1FN _0,315
0002a2 93fa      	ST   -Y,R31
0002a3 93ea      	ST   -Y,R30
0002a4 940e 02da 	CALL _putsf
         ;     331       	break;
0002a6 c02b      	RJMP _0x19
         ;     332       	case 'w':
          _0x5B:
0002a7 37e7      	CPI  R30,LOW(0x77)
0002a8 f011      	BREQ _0x5D
         ;     333       	case 'W':
0002a9 35e7      	CPI  R30,LOW(0x57)
0002aa f439      	BRNE _0x5E
          _0x5D:
         ;     334       		putsf("\rw is received");
0002ab   +  	__POINTW1FN _0,330
0002ad 93fa      	ST   -Y,R31
0002ae 93ea      	ST   -Y,R30
0002af 940e 02da 	CALL _putsf
         ;     335       	break;
0002b1 c020      	RJMP _0x19
         ;     336       	case 'x':
          _0x5E:
0002b2 37e8      	CPI  R30,LOW(0x78)
0002b3 f011      	BREQ _0x60
         ;     337       	case 'X':
0002b4 35e8      	CPI  R30,LOW(0x58)
0002b5 f439      	BRNE _0x61
          _0x60:
         ;     338       		putsf("\rx is received");
0002b6   +  	__POINTW1FN _0,345
0002b8 93fa      	ST   -Y,R31
0002b9 93ea      	ST   -Y,R30
0002ba 940e 02da 	CALL _putsf
         ;     339       	break;
0002bc c015      	RJMP _0x19
         ;     340       	case 'y':
          _0x61:
0002bd 37e9      	CPI  R30,LOW(0x79)
0002be f011      	BREQ _0x63
         ;     341       	case 'Y':
0002bf 35e9      	CPI  R30,LOW(0x59)
0002c0 f439      	BRNE _0x64
          _0x63:
         ;     342       		putsf("\ry is received");
0002c1   +  	__POINTW1FN _0,360
0002c3 93fa      	ST   -Y,R31
0002c4 93ea      	ST   -Y,R30
0002c5 940e 02da 	CALL _putsf
         ;     343       	break;
0002c7 c00a      	RJMP _0x19
         ;     344       	case 'z':
          _0x64:
0002c8 37ea      	CPI  R30,LOW(0x7A)
0002c9 f011      	BREQ _0x66
         ;     345       	case 'Z':
0002ca 35ea      	CPI  R30,LOW(0x5A)
0002cb f431      	BRNE _0x19
          _0x66:
         ;     346       		putsf("\rz is received");
0002cc   +  	__POINTW1FN _0,375
0002ce 93fa      	ST   -Y,R31
0002cf 93ea      	ST   -Y,R30
0002d0 940e 02da 	CALL _putsf
         ;     347       	break;
         ;     348       }
          _0x19:
         ;     349       delay_ms(100);
0002d2 e6e4      	LDI  R30,LOW(100)
0002d3 e0f0      	LDI  R31,HIGH(100)
0002d4 93fa      	ST   -Y,R31
0002d5 93ea      	ST   -Y,R30
0002d6 940e 02ea 	CALL _delay_ms
         ;     350 
         ;     351       };
0002d8 ced9      	RJMP _0x14
         ;     352 }
          _0x68:
0002d9 cfff      	RJMP _0x68
         
          _putsf:
0002da 91e9      	ld   r30,y+
0002db 91f9      	ld   r31,y+
          __putsf0:
0002dc 9005      	lpm  r0,z+
0002dd 2000      	tst  r0
0002de f031      	breq __putsf1
0002df 93ef      	push r30
0002e0 93ff      	push r31
0002e1 d005      	rcall __putsf2
0002e2 91ff      	pop  r31
0002e3 91ef      	pop  r30
0002e4 cff7      	rjmp __putsf0
          __putsf1:
0002e5 e06a      	ldi  r22,10
0002e6 2e06      	mov  r0,r22
          __putsf2:
0002e7 920a      	st   -y,r0
0002e8 940c 016d 	jmp _putchar
         
          _delay_ms:
0002ea 91e9      	ld   r30,y+
0002eb 91f9      	ld   r31,y+
0002ec 9630      	adiw r30,0
0002ed f039      	breq __delay_ms1
          __delay_ms0:
0002ee   +  	__DELAY_USW 0x3E8
0002f2 95a8      	wdr
0002f3 9731      	sbiw r30,1
0002f4 f7c9      	brne __delay_ms0
          __delay_ms1:
0002f5 9508      	ret
         

Assembly complete with no errors.
