
AVRASM ver. 1.52  LCDT.asm Wed Mar 19 13:58:11 2008


         ;CodeVisionAVR C Compiler V1.24.2c Standard
         ;(C) Copyright 1998-2004 Pavel Haiduc, HP InfoTech s.r.l.
         ;http://www.hpinfotech.ro
         ;e-mail:office@hpinfotech.ro
         
         ;Chip type           : ATmega16
         ;Program type        : Application
         ;Clock frequency     : 4.000000 MHz
         ;Memory model        : Small
         ;Optimize for        : Size
         ;(s)printf features  : int, width
         ;(s)scanf features   : long, width
         ;External SRAM size  : 0
         ;Data Stack size     : 256 byte(s)
         ;Heap size           : 0 byte(s)
         ;Promote char to int : No
         ;char is unsigned    : Yes
         ;8 bit enums         : Yes
         ;Enhanced core instructions    : On
         ;Automatic register allocation : On
         
          	.EQU UDRE=0x5
          	.EQU RXC=0x7
          	.EQU USR=0xB
          	.EQU UDR=0xC
          	.EQU EERE=0x0
          	.EQU EEWE=0x1
          	.EQU EEMWE=0x2
          	.EQU SPSR=0xE
          	.EQU SPDR=0xF
          	.EQU EECR=0x1C
          	.EQU EEDR=0x1D
          	.EQU EEARL=0x1E
          	.EQU EEARH=0x1F
          	.EQU WDTCR=0x21
          	.EQU MCUCR=0x35
          	.EQU GICR=0x3B
          	.EQU SPL=0x3D
          	.EQU SPH=0x3E
          	.EQU SREG=0x3F
         
          	.DEF R0X0=R0
          	.DEF R0X1=R1
          	.DEF R0X2=R2
          	.DEF R0X3=R3
          	.DEF R0X4=R4
          	.DEF R0X5=R5
          	.DEF R0X6=R6
          	.DEF R0X7=R7
          	.DEF R0X8=R8
          	.DEF R0X9=R9
          	.DEF R0XA=R10
          	.DEF R0XB=R11
          	.DEF R0XC=R12
          	.DEF R0XD=R13
          	.DEF R0XE=R14
          	.DEF R0XF=R15
          	.DEF R0X10=R16
          	.DEF R0X11=R17
          	.DEF R0X12=R18
          	.DEF R0X13=R19
          	.DEF R0X14=R20
          	.DEF R0X15=R21
          	.DEF R0X16=R22
          	.DEF R0X17=R23
          	.DEF R0X18=R24
          	.DEF R0X19=R25
          	.DEF R0X1A=R26
          	.DEF R0X1B=R27
          	.DEF R0X1C=R28
          	.DEF R0X1D=R29
          	.DEF R0X1E=R30
          	.DEF R0X1F=R31
         
          	.EQU __se_bit=0x40
          	.EQU __sm_mask=0xB0
          	.EQU __sm_adc_noise_red=0x10
          	.EQU __sm_powerdown=0x20
          	.EQU __sm_powersave=0x30
          	.EQU __sm_standby=0xA0
          	.EQU __sm_ext_standby=0xB0
         
          	.MACRO __CPD1N
          	CPI  R30,LOW(@0)
          	LDI  R26,HIGH(@0)
          	CPC  R31,R26
          	LDI  R26,BYTE3(@0)
          	CPC  R22,R26
          	LDI  R26,BYTE4(@0)
          	CPC  R23,R26
          	.ENDM
         
          	.MACRO __CPD2N
          	CPI  R26,LOW(@0)
          	LDI  R30,HIGH(@0)
          	CPC  R27,R30
          	LDI  R30,BYTE3(@0)
          	CPC  R24,R30
          	LDI  R30,BYTE4(@0)
          	CPC  R25,R30
          	.ENDM
         
          	.MACRO __CPWRR
          	CP   R@0,R@2
          	CPC  R@1,R@3
          	.ENDM
         
          	.MACRO __CPWRN
          	CPI  R@0,LOW(@2)
          	LDI  R30,HIGH(@2)
          	CPC  R@1,R30
          	.ENDM
         
          	.MACRO __ADDD1N
          	SUBI R30,LOW(-@0)
          	SBCI R31,HIGH(-@0)
          	SBCI R22,BYTE3(-@0)
          	SBCI R23,BYTE4(-@0)
          	.ENDM
         
          	.MACRO __ADDD2N
          	SUBI R26,LOW(-@0)
          	SBCI R27,HIGH(-@0)
          	SBCI R24,BYTE3(-@0)
          	SBCI R25,BYTE4(-@0)
          	.ENDM
         
          	.MACRO __SUBD1N
          	SUBI R30,LOW(@0)
          	SBCI R31,HIGH(@0)
          	SBCI R22,BYTE3(@0)
          	SBCI R23,BYTE4(@0)
          	.ENDM
         
          	.MACRO __SUBD2N
          	SUBI R26,LOW(@0)
          	SBCI R27,HIGH(@0)
          	SBCI R24,BYTE3(@0)
          	SBCI R25,BYTE4(@0)
          	.ENDM
         
          	.MACRO __ANDD1N
          	ANDI R30,LOW(@0)
          	ANDI R31,HIGH(@0)
          	ANDI R22,BYTE3(@0)
          	ANDI R23,BYTE4(@0)
          	.ENDM
         
          	.MACRO __ORD1N
          	ORI  R30,LOW(@0)
          	ORI  R31,HIGH(@0)
          	ORI  R22,BYTE3(@0)
          	ORI  R23,BYTE4(@0)
          	.ENDM
         
          	.MACRO __DELAY_USB
          	LDI  R24,LOW(@0)
          __DELAY_USB_LOOP:
          	DEC  R24
          	BRNE __DELAY_USB_LOOP
          	.ENDM
         
          	.MACRO __DELAY_USW
          	LDI  R24,LOW(@0)
          	LDI  R25,HIGH(@0)
          __DELAY_USW_LOOP:
          	SBIW R24,1
          	BRNE __DELAY_USW_LOOP
          	.ENDM
         
          	.MACRO __CLRD1S
          	LDI  R30,0
          	STD  Y+@0,R30
          	STD  Y+@0+1,R30
          	STD  Y+@0+2,R30
          	STD  Y+@0+3,R30
          	.ENDM
         
          	.MACRO __GETD1S
          	LDD  R30,Y+@0
          	LDD  R31,Y+@0+1
          	LDD  R22,Y+@0+2
          	LDD  R23,Y+@0+3
          	.ENDM
         
          	.MACRO __PUTD1S
          	STD  Y+@0,R30
          	STD  Y+@0+1,R31
          	STD  Y+@0+2,R22
          	STD  Y+@0+3,R23
          	.ENDM
         
          	.MACRO __POINTB1MN
          	LDI  R30,LOW(@0+@1)
          	.ENDM
         
          	.MACRO __POINTW1MN
          	LDI  R30,LOW(@0+@1)
          	LDI  R31,HIGH(@0+@1)
          	.ENDM
         
          	.MACRO __POINTW1FN
          	LDI  R30,LOW(2*@0+@1)
          	LDI  R31,HIGH(2*@0+@1)
          	.ENDM
         
          	.MACRO __POINTB2MN
          	LDI  R26,LOW(@0+@1)
          	.ENDM
         
          	.MACRO __POINTW2MN
          	LDI  R26,LOW(@0+@1)
          	LDI  R27,HIGH(@0+@1)
          	.ENDM
         
          	.MACRO __POINTBRM
          	LDI  R@0,LOW(@1)
          	.ENDM
         
          	.MACRO __POINTWRM
          	LDI  R@0,LOW(@2)
          	LDI  R@1,HIGH(@2)
          	.ENDM
         
          	.MACRO __POINTBRMN
          	LDI  R@0,LOW(@1+@2)
          	.ENDM
         
          	.MACRO __POINTWRMN
          	LDI  R@0,LOW(@2+@3)
          	LDI  R@1,HIGH(@2+@3)
          	.ENDM
         
          	.MACRO __GETD1N
          	LDI  R30,LOW(@0)
          	LDI  R31,HIGH(@0)
          	LDI  R22,BYTE3(@0)
          	LDI  R23,BYTE4(@0)
          	.ENDM
         
          	.MACRO __GETD2N
          	LDI  R26,LOW(@0)
          	LDI  R27,HIGH(@0)
          	LDI  R24,BYTE3(@0)
          	LDI  R25,BYTE4(@0)
          	.ENDM
         
          	.MACRO __GETD2S
          	LDD  R26,Y+@0
          	LDD  R27,Y+@0+1
          	LDD  R24,Y+@0+2
          	LDD  R25,Y+@0+3
          	.ENDM
         
          	.MACRO __GETB1MN
          	LDS  R30,@0+@1
          	.ENDM
         
          	.MACRO __GETW1MN
          	LDS  R30,@0+@1
          	LDS  R31,@0+@1+1
          	.ENDM
         
          	.MACRO __GETD1MN
          	LDS  R30,@0+@1
          	LDS  R31,@0+@1+1
          	LDS  R22,@0+@1+2
          	LDS  R23,@0+@1+3
          	.ENDM
         
          	.MACRO __GETBRMN
          	LDS  R@2,@0+@1
          	.ENDM
         
          	.MACRO __GETWRMN
          	LDS  R@2,@0+@1
          	LDS  R@3,@0+@1+1
          	.ENDM
         
          	.MACRO __GETB2MN
          	LDS  R26,@0+@1
          	.ENDM
         
          	.MACRO __GETW2MN
          	LDS  R26,@0+@1
          	LDS  R27,@0+@1+1
          	.ENDM
         
          	.MACRO __GETD2MN
          	LDS  R26,@0+@1
          	LDS  R27,@0+@1+1
          	LDS  R24,@0+@1+2
          	LDS  R25,@0+@1+3
          	.ENDM
         
          	.MACRO __PUTB1MN
          	STS  @0+@1,R30
          	.ENDM
         
          	.MACRO __PUTW1MN
          	STS  @0+@1,R30
          	STS  @0+@1+1,R31
          	.ENDM
         
          	.MACRO __PUTD1MN
          	STS  @0+@1,R30
          	STS  @0+@1+1,R31
          	STS  @0+@1+2,R22
          	STS  @0+@1+3,R23
          	.ENDM
         
          	.MACRO __PUTBMRN
          	STS  @0+@1,R@2
          	.ENDM
         
          	.MACRO __PUTWMRN
          	STS  @0+@1,R@2
          	STS  @0+@1+1,R@3
          	.ENDM
         
          	.MACRO __GETW1R
          	MOV  R30,R@0
          	MOV  R31,R@1
          	.ENDM
         
          	.MACRO __GETW2R
          	MOV  R26,R@0
          	MOV  R27,R@1
          	.ENDM
         
          	.MACRO __GETWRN
          	LDI  R@0,LOW(@2)
          	LDI  R@1,HIGH(@2)
          	.ENDM
         
          	.MACRO __PUTW1R
          	MOV  R@0,R30
          	MOV  R@1,R31
          	.ENDM
         
          	.MACRO __PUTW2R
          	MOV  R@0,R26
          	MOV  R@1,R27
          	.ENDM
         
          	.MACRO __ADDWRN
          	SUBI R@0,LOW(-@2)
          	SBCI R@1,HIGH(-@2)
          	.ENDM
         
          	.MACRO __ADDWRR
          	ADD  R@0,R@2
          	ADC  R@1,R@3
          	.ENDM
         
          	.MACRO __SUBWRN
          	SUBI R@0,LOW(@2)
          	SBCI R@1,HIGH(@2)
          	.ENDM
         
          	.MACRO __SUBWRR
          	SUB  R@0,R@2
          	SBC  R@1,R@3
          	.ENDM
         
          	.MACRO __ANDWRN
          	ANDI R@0,LOW(@2)
          	ANDI R@1,HIGH(@2)
          	.ENDM
         
          	.MACRO __ANDWRR
          	AND  R@0,R@2
          	AND  R@1,R@3
          	.ENDM
         
          	.MACRO __ORWRN
          	ORI  R@0,LOW(@2)
          	ORI  R@1,HIGH(@2)
          	.ENDM
         
          	.MACRO __ORWRR
          	OR   R@0,R@2
          	OR   R@1,R@3
          	.ENDM
         
          	.MACRO __EORWRR
          	EOR  R@0,R@2
          	EOR  R@1,R@3
          	.ENDM
         
          	.MACRO __GETWRS
          	LDD  R@0,Y+@2
          	LDD  R@1,Y+@2+1
          	.ENDM
         
          	.MACRO __PUTWSR
          	STD  Y+@2,R@0
          	STD  Y+@2+1,R@1
          	.ENDM
         
          	.MACRO __MOVEWRR
          	MOV  R@0,R@2
          	MOV  R@1,R@3
          	.ENDM
         
          	.MACRO __INWR
          	IN   R@0,@2
          	IN   R@1,@2+1
          	.ENDM
         
          	.MACRO __OUTWR
          	OUT  @2+1,R@1
          	OUT  @2,R@0
          	.ENDM
         
          	.MACRO __CALL1MN
          	LDS  R30,@0+@1
          	LDS  R31,@0+@1+1
          	ICALL
          	.ENDM
         
          	.MACRO __NBST
          	BST  R@0,@1
          	IN   R30,SREG
          	LDI  R31,0x40
          	EOR  R30,R31
          	OUT  SREG,R30
          	.ENDM
         
         
          	.MACRO __PUTB1SN
          	LDD  R26,Y+@0
          	LDD  R27,Y+@0+1
          	SUBI R26,LOW(-@1)
          	SBCI R27,HIGH(-@1)
          	ST   X,R30
          	.ENDM
         
          	.MACRO __PUTW1SN
          	LDD  R26,Y+@0
          	LDD  R27,Y+@0+1
          	SUBI R26,LOW(-@1)
          	SBCI R27,HIGH(-@1)
          	ST   X+,R30
          	ST   X,R31
          	.ENDM
         
          	.MACRO __PUTD1SN
          	LDD  R26,Y+@0
          	LDD  R27,Y+@0+1
          	SUBI R26,LOW(-@1)
          	SBCI R27,HIGH(-@1)
          	CALL __PUTDP1
          	.ENDM
         
          	.MACRO __PUTB1SNS
          	LDD  R26,Y+@0
          	LDD  R27,Y+@0+1
          	ADIW R26,@1
          	ST   X,R30
          	.ENDM
         
          	.MACRO __PUTW1SNS
          	LDD  R26,Y+@0
          	LDD  R27,Y+@0+1
          	ADIW R26,@1
          	ST   X+,R30
          	ST   X,R31
          	.ENDM
         
          	.MACRO __PUTD1SNS
          	LDD  R26,Y+@0
          	LDD  R27,Y+@0+1
          	ADIW R26,@1
          	CALL __PUTDP1
          	.ENDM
         
          	.MACRO __PUTB1PMN
          	LDS  R26,@0
          	LDS  R27,@0+1
          	SUBI R26,LOW(-@1)
          	SBCI R27,HIGH(-@1)
          	ST   X,R30
          	.ENDM
         
          	.MACRO __PUTW1PMN
          	LDS  R26,@0
          	LDS  R27,@0+1
          	SUBI R26,LOW(-@1)
          	SBCI R27,HIGH(-@1)
          	ST   X+,R30
          	ST   X,R31
          	.ENDM
         
          	.MACRO __PUTD1PMN
          	LDS  R26,@0
          	LDS  R27,@0+1
          	SUBI R26,LOW(-@1)
          	SBCI R27,HIGH(-@1)
          	CALL __PUTDP1
          	.ENDM
         
          	.MACRO __PUTB1PMNS
          	LDS  R26,@0
          	LDS  R27,@0+1
          	ADIW R26,@1
          	ST   X,R30
          	.ENDM
         
          	.MACRO __PUTW1PMNS
          	LDS  R26,@0
          	LDS  R27,@0+1
          	ADIW R26,@1
          	ST   X+,R30
          	ST   X,R31
          	.ENDM
         
          	.MACRO __PUTD1PMNS
          	LDS  R26,@0
          	LDS  R27,@0+1
          	ADIW R26,@1
          	CALL __PUTDP1
          	.ENDM
         
          	.MACRO __PUTB1RN
          	MOVW R26,R@0
          	SUBI R26,LOW(-@1)
          	SBCI R27,HIGH(-@1)
          	ST   X,R30
          	.ENDM
         
          	.MACRO __PUTW1RN
          	MOVW R26,R@0
          	SUBI R26,LOW(-@1)
          	SBCI R27,HIGH(-@1)
          	ST   X+,R30
          	ST   X,R31
          	.ENDM
         
          	.MACRO __PUTD1RN
          	MOVW R26,R@0
          	SUBI R26,LOW(-@1)
          	SBCI R27,HIGH(-@1)
          	CALL __PUTDP1
          	.ENDM
         
          	.MACRO __PUTB1RNS
          	MOVW R26,R@0
          	ADIW R26,@1
          	ST   X,R30
          	.ENDM
         
          	.MACRO __PUTW1RNS
          	MOVW R26,R@0
          	ADIW R26,@1
          	ST   X+,R30
          	ST   X,R31
          	.ENDM
         
          	.MACRO __PUTD1RNS
          	MOVW R26,R@0
          	ADIW R26,@1
          	CALL __PUTDP1
          	.ENDM
         
          	.MACRO __PUTB1RON
          	MOV  R26,R@0
          	MOV  R27,R@1
          	SUBI R26,LOW(-@2)
          	SBCI R27,HIGH(-@2)
          	ST   X,R30
          	.ENDM
         
          	.MACRO __PUTW1RON
          	MOV  R26,R@0
          	MOV  R27,R@1
          	SUBI R26,LOW(-@2)
          	SBCI R27,HIGH(-@2)
          	ST   X+,R30
          	ST   X,R31
          	.ENDM
         
          	.MACRO __PUTD1RON
          	MOV  R26,R@0
          	MOV  R27,R@1
          	SUBI R26,LOW(-@2)
          	SBCI R27,HIGH(-@2)
          	CALL __PUTDP1
          	.ENDM
         
          	.MACRO __PUTB1RONS
          	MOV  R26,R@0
          	MOV  R27,R@1
          	ADIW R26,@2
          	ST   X,R30
          	.ENDM
         
          	.MACRO __PUTW1RONS
          	MOV  R26,R@0
          	MOV  R27,R@1
          	ADIW R26,@2
          	ST   X+,R30
          	ST   X,R31
          	.ENDM
         
          	.MACRO __PUTD1RONS
          	MOV  R26,R@0
          	MOV  R27,R@1
          	ADIW R26,@2
          	CALL __PUTDP1
          	.ENDM
         
         
          	.MACRO __GETB1SX
          	MOVW R30,R28
          	SUBI R30,LOW(-@0)
          	SBCI R31,HIGH(-@0)
          	LD   R30,Z
          	.ENDM
         
          	.MACRO __GETW1SX
          	MOVW R30,R28
          	SUBI R30,LOW(-@0)
          	SBCI R31,HIGH(-@0)
          	LD   R0,Z+
          	LD   R31,Z
          	MOV  R30,R0
          	.ENDM
         
          	.MACRO __GETD1SX
          	MOVW R30,R28
          	SUBI R30,LOW(-@0)
          	SBCI R31,HIGH(-@0)
          	LD   R0,Z+
          	LD   R1,Z+
          	LD   R22,Z+
          	LD   R23,Z
          	MOVW R30,R0
          	.ENDM
         
          	.MACRO __GETB2SX
          	MOVW R26,R28
          	SUBI R26,LOW(-@0)
          	SBCI R27,HIGH(-@0)
          	LD   R26,X
          	.ENDM
         
          	.MACRO __GETW2SX
          	MOVW R26,R28
          	SUBI R26,LOW(-@0)
          	SBCI R27,HIGH(-@0)
          	LD   R0,X+
          	LD   R27,X
          	MOV  R26,R0
          	.ENDM
         
          	.MACRO __GETD2SX
          	MOVW R26,R28
          	SUBI R26,LOW(-@0)
          	SBCI R27,HIGH(-@0)
          	LD   R0,X+
          	LD   R1,X+
          	LD   R24,X+
          	LD   R25,X
          	MOVW R26,R0
          	.ENDM
         
          	.MACRO __GETBRSX
          	MOVW R30,R28
          	SUBI R30,LOW(-@1)
          	SBCI R31,HIGH(-@1)
          	LD   R@0,Z
          	.ENDM
         
          	.MACRO __GETWRSX
          	MOVW R30,R28
          	SUBI R30,LOW(-@2)
          	SBCI R31,HIGH(-@2)
          	LD   R@0,Z+
          	LD   R@1,Z
          	.ENDM
         
          	.MACRO __LSLW8SX
          	MOVW R30,R28
          	SUBI R30,LOW(-@0)
          	SBCI R31,HIGH(-@0)
          	LD   R31,Z
          	CLR  R30
          	.ENDM
         
          	.MACRO __PUTB1SX
          	MOVW R26,R28
          	SUBI R26,LOW(-@0)
          	SBCI R27,HIGH(-@0)
          	ST   X,R30
          	.ENDM
         
          	.MACRO __PUTW1SX
          	MOVW R26,R28
          	SUBI R26,LOW(-@0)
          	SBCI R27,HIGH(-@0)
          	ST   X+,R30
          	ST   X,R31
          	.ENDM
         
          	.MACRO __PUTD1SX
          	MOVW R26,R28
          	SUBI R26,LOW(-@0)
          	SBCI R27,HIGH(-@0)
          	ST   X+,R30
          	ST   X+,R31
          	ST   X+,R22
          	ST   X,R23
          	.ENDM
         
          	.MACRO __CLRW1SX
          	MOVW R30,R28
          	SUBI R30,LOW(-@0)
          	SBCI R31,HIGH(-@0)
          	CLR  R0
          	ST   Z+,R0
          	ST   Z,R0
          	.ENDM
         
          	.MACRO __CLRD1SX
          	MOVW R30,R28
          	SUBI R30,LOW(-@0)
          	SBCI R31,HIGH(-@0)
          	CLR  R0
          	ST   Z+,R0
          	ST   Z+,R0
          	ST   Z+,R0
          	ST   Z,R0
          	.ENDM
         
          	.MACRO __PUTB2SX
          	MOVW R30,R28
          	SUBI R30,LOW(-@0)
          	SBCI R31,HIGH(-@0)
          	ST   Z,R26
          	.ENDM
         
          	.MACRO __PUTW2SX
          	MOVW R30,R28
          	SUBI R30,LOW(-@0)
          	SBCI R31,HIGH(-@0)
          	ST   Z+,R26
          	ST   Z,R27
          	.ENDM
         
          	.MACRO __PUTBSRX
          	MOVW R30,R28
          	SUBI R30,LOW(-@0)
          	SBCI R31,HIGH(-@0)
          	ST   Z,R@1
          	.ENDM
         
          	.MACRO __PUTWSRX
          	MOVW R30,R28
          	SUBI R30,LOW(-@2)
          	SBCI R31,HIGH(-@2)
          	ST   Z+,R@0
          	ST   Z,R@1
          	.ENDM
         
          	.MACRO __PUTB1SNX
          	MOVW R26,R28
          	SUBI R26,LOW(-@0)
          	SBCI R27,HIGH(-@0)
          	LD   R0,X+
          	LD   R27,X
          	MOV  R26,R0
          	SUBI R26,LOW(-@1)
          	SBCI R27,HIGH(-@1)
          	ST   X,R30
          	.ENDM
         
          	.MACRO __PUTW1SNX
          	MOVW R26,R28
          	SUBI R26,LOW(-@0)
          	SBCI R27,HIGH(-@0)
          	LD   R0,X+
          	LD   R27,X
          	MOV  R26,R0
          	SUBI R26,LOW(-@1)
          	SBCI R27,HIGH(-@1)
          	ST   X+,R30
          	ST   X,R31
          	.ENDM
         
          	.MACRO __PUTD1SNX
          	MOVW R26,R28
          	SUBI R26,LOW(-@0)
          	SBCI R27,HIGH(-@0)
          	LD   R0,X+
          	LD   R27,X
          	MOV  R26,R0
          	SUBI R26,LOW(-@1)
          	SBCI R27,HIGH(-@1)
          	ST   X+,R30
          	ST   X+,R31
          	ST   X+,R22
          	ST   X,R23
          	.ENDM
         
          	.MACRO __MULBRR
          	MULS R@0,R@1
          	MOV  R30,R0
          	.ENDM
         
          	.MACRO __MULBRRU
          	MUL  R@0,R@1
          	MOV  R30,R0
          	.ENDM
         
          	.CSEG
          	.ORG 0
         
          	.INCLUDE "LCDT.vec"
         
         ;INTERRUPT VECTORS
000000 940c 002b 	JMP  __RESET
000002 940c 0000 	JMP  0
000004 940c 0000 	JMP  0
000006 940c 0000 	JMP  0
000008 940c 0000 	JMP  0
00000a 940c 0000 	JMP  0
00000c 940c 0000 	JMP  0
00000e 940c 0000 	JMP  0
000010 940c 0000 	JMP  0
000012 940c 0000 	JMP  0
000014 940c 0000 	JMP  0
000016 940c 0000 	JMP  0
000018 940c 0000 	JMP  0
00001a 940c 0000 	JMP  0
00001c 940c 0000 	JMP  0
00001e 940c 0000 	JMP  0
000020 940c 0000 	JMP  0
000022 940c 0000 	JMP  0
000024 940c 0000 	JMP  0
000026 940c 0000 	JMP  0
000028 940c 0000 	JMP  0
         
          	.INCLUDE "LCDT.inc"
         
          __GLOBAL_INI_TBL:
          	.DW  0
00002a 0000
         
          __RESET:
00002b 94f8      	CLI
00002c 27ee      	CLR  R30
00002d bbec      	OUT  EECR,R30
         
         ;INTERRUPT VECTORS ARE PLACED
         ;AT THE START OF FLASH
00002e e0f1      	LDI  R31,1
00002f bffb      	OUT  GICR,R31
000030 bfeb      	OUT  GICR,R30
000031 bfe5      	OUT  MCUCR,R30
         
         ;DISABLE WATCHDOG
000032 e1f8      	LDI  R31,0x18
000033 bdf1      	OUT  WDTCR,R31
000034 bde1      	OUT  WDTCR,R30
         
         ;CLEAR R2-R14
000035 e08d      	LDI  R24,13
000036 e0a2      	LDI  R26,2
000037 27bb      	CLR  R27
          __CLEAR_REG:
000038 93ed      	ST   X+,R30
000039 958a      	DEC  R24
00003a f7e9      	BRNE __CLEAR_REG
         
         ;CLEAR SRAM
00003b e080      	LDI  R24,LOW(0x400)
00003c e094      	LDI  R25,HIGH(0x400)
00003d e6a0      	LDI  R26,0x60
          __CLEAR_SRAM:
00003e 93ed      	ST   X+,R30
00003f 9701      	SBIW R24,1
000040 f7e9      	BRNE __CLEAR_SRAM
         
         ;GLOBAL VARIABLES INITIALIZATION
000041 e5e4      	LDI  R30,LOW(__GLOBAL_INI_TBL*2)
000042 e0f0      	LDI  R31,HIGH(__GLOBAL_INI_TBL*2)
          __GLOBAL_INI_NEXT:
000043 9185      	LPM  R24,Z+
000044 9195      	LPM  R25,Z+
000045 9700      	SBIW R24,0
000046 f061      	BREQ __GLOBAL_INI_END
000047 91a5      	LPM  R26,Z+
000048 91b5      	LPM  R27,Z+
000049 9005      	LPM  R0,Z+
00004a 9015      	LPM  R1,Z+
00004b 01bf      	MOVW R22,R30
00004c 01f0      	MOVW R30,R0
          __GLOBAL_INI_LOOP:
00004d 9005      	LPM  R0,Z+
00004e 920d      	ST   X+,R0
00004f 9701      	SBIW R24,1
000050 f7e1      	BRNE __GLOBAL_INI_LOOP
000051 01fb      	MOVW R30,R22
000052 cff0      	RJMP __GLOBAL_INI_NEXT
          __GLOBAL_INI_END:
         
         ;STACK POINTER INITIALIZATION
000053 e5ef      	LDI  R30,LOW(0x45F)
000054 bfed      	OUT  SPL,R30
000055 e0e4      	LDI  R30,HIGH(0x45F)
000056 bfee      	OUT  SPH,R30
         
         ;DATA STACK POINTER INITIALIZATION
000057 e6c0      	LDI  R28,LOW(0x160)
000058 e0d1      	LDI  R29,HIGH(0x160)
         
000059 940c 005b 	JMP  _main
         
          	.ESEG
          	.ORG 0
         
          	.DSEG
          	.ORG 0x160
         ;       1 /*****************************************************
         ;       2 This program was produced by the
         ;       3 CodeWizardAVR V1.24.2c Standard
         ;       4 Automatic Program Generator
         ;       5 © Copyright 1998-2004 Pavel Haiduc, HP InfoTech s.r.l.
         ;       6 http://www.hpinfotech.ro
         ;       7 e-mail:office@hpinfotech.ro
         ;       8 
         ;       9 Project : 
         ;      10 Version : 
         ;      11 Date    : 3/12/2008
         ;      12 Author  : Artin                           
         ;      13 Company :                                 
         ;      14 Comments: 
         ;      15 
         ;      16 
         ;      17 Chip type           : ATmega16
         ;      18 Program type        : Application
         ;      19 Clock frequency     : 4.000000 MHz
         ;      20 Memory model        : Small
         ;      21 External SRAM size  : 0
         ;      22 Data Stack size     : 256
         ;      23 *****************************************************/
         ;      24 
         ;      25 #include <mega16.h>
         ;      26 #include <delay.h>
         ;      27 
         ;      28 
         ;      29 // Declare your global variables here
         ;      30 
         ;      31 void main(void)
         ;      32 {
         
          	.CSEG
          _main:
         ;      33 // Declare your local variables here
         ;      34 int i;
         ;      35 
         ;      36 // Input/Output Ports initialization
         ;      37 // Port A initialization
         ;      38 // Func7=In Func6=In Func5=In Func4=In Func3=In Func2=In Func1=In Func0=In 
         ;      39 // State7=T State6=T State5=T State4=T State3=T State2=T State1=T State0=T 
         ;      40 PORTA=0x00;
         ;	i -> R16,R17
00005b e0e0      	LDI  R30,LOW(0)
00005c bbeb      	OUT  0x1B,R30
         ;      41 DDRA=0x00;
00005d bbea      	OUT  0x1A,R30
         ;      42 
         ;      43 // Port B initialization
         ;      44 // Func7=In Func6=In Func5=In Func4=In Func3=In Func2=In Func1=In Func0=In 
         ;      45 // State7=T State6=T State5=T State4=T State3=T State2=T State1=T State0=T 
         ;      46 PORTB=0x00;
00005e bbe8      	OUT  0x18,R30
         ;      47 DDRB=0x01;
00005f e0e1      	LDI  R30,LOW(1)
000060 bbe7      	OUT  0x17,R30
         ;      48 
         ;      49 // Port C initialization
         ;      50 // Func7=In Func6=In Func5=In Func4=In Func3=In Func2=In Func1=In Func0=In 
         ;      51 // State7=T State6=T State5=T State4=T State3=T State2=T State1=T State0=T 
         ;      52 PORTC=0x00;
000061 e0e0      	LDI  R30,LOW(0)
000062 bbe5      	OUT  0x15,R30
         ;      53 DDRC=0x00;
000063 bbe4      	OUT  0x14,R30
         ;      54 
         ;      55 // Port D initialization
         ;      56 // Func7=In Func6=In Func5=In Func4=In Func3=In Func2=In Func1=In Func0=In 
         ;      57 // State7=T State6=T State5=T State4=T State3=T State2=T State1=T State0=T 
         ;      58 PORTD=0x00;
000064 bbe2      	OUT  0x12,R30
         ;      59 DDRD=0x00;
000065 bbe1      	OUT  0x11,R30
         ;      60 
         ;      61 // Timer/Counter 0 initialization
         ;      62 // Clock source: System Clock
         ;      63 // Clock value: Timer 0 Stopped
         ;      64 // Mode: Normal top=FFh
         ;      65 // OC0 output: Disconnected
         ;      66 TCCR0=0x00;
000066 bfe3      	OUT  0x33,R30
         ;      67 TCNT0=0x00;
000067 bfe2      	OUT  0x32,R30
         ;      68 OCR0=0x00;
000068 bfec      	OUT  0x3C,R30
         ;      69 
         ;      70 // Timer/Counter 1 initialization
         ;      71 // Clock source: System Clock
         ;      72 // Clock value: Timer 1 Stopped
         ;      73 // Mode: Normal top=FFFFh
         ;      74 // OC1A output: Discon.
         ;      75 // OC1B output: Discon.
         ;      76 // Noise Canceler: Off
         ;      77 // Input Capture on Falling Edge
         ;      78 TCCR1A=0x00;
000069 bdef      	OUT  0x2F,R30
         ;      79 TCCR1B=0x00;
00006a bdee      	OUT  0x2E,R30
         ;      80 TCNT1H=0x00;
00006b bded      	OUT  0x2D,R30
         ;      81 TCNT1L=0x00;
00006c bdec      	OUT  0x2C,R30
         ;      82 ICR1H=0x00;
00006d bde7      	OUT  0x27,R30
         ;      83 ICR1L=0x00;
00006e bde6      	OUT  0x26,R30
         ;      84 OCR1AH=0x00;
00006f bdeb      	OUT  0x2B,R30
         ;      85 OCR1AL=0x00;
000070 bdea      	OUT  0x2A,R30
         ;      86 OCR1BH=0x00;
000071 bde9      	OUT  0x29,R30
         ;      87 OCR1BL=0x00;
000072 bde8      	OUT  0x28,R30
         ;      88 
         ;      89 // Timer/Counter 2 initialization
         ;      90 // Clock source: System Clock
         ;      91 // Clock value: Timer 2 Stopped
         ;      92 // Mode: Normal top=FFh
         ;      93 // OC2 output: Disconnected
         ;      94 ASSR=0x00;
000073 bde2      	OUT  0x22,R30
         ;      95 TCCR2=0x00;
000074 bde5      	OUT  0x25,R30
         ;      96 TCNT2=0x00;
000075 bde4      	OUT  0x24,R30
         ;      97 OCR2=0x00;
000076 bde3      	OUT  0x23,R30
         ;      98 
         ;      99 // External Interrupt(s) initialization
         ;     100 // INT0: Off
         ;     101 // INT1: Off
         ;     102 // INT2: Off
         ;     103 MCUCR=0x00;
000077 bfe5      	OUT  0x35,R30
         ;     104 MCUCSR=0x00;
000078 bfe4      	OUT  0x34,R30
         ;     105 
         ;     106 // Timer(s)/Counter(s) Interrupt(s) initialization
         ;     107 TIMSK=0x00;
000079 bfe9      	OUT  0x39,R30
         ;     108 
         ;     109 // Analog Comparator initialization
         ;     110 // Analog Comparator: Off
         ;     111 // Analog Comparator Input Capture by Timer/Counter 1: Off
         ;     112 // Analog Comparator Output: Off
         ;     113 ACSR=0x80;
00007a e8e0      	LDI  R30,LOW(128)
00007b b9e8      	OUT  0x8,R30
         ;     114 SFIOR=0x00;
00007c e0e0      	LDI  R30,LOW(0)
00007d bfe0      	OUT  0x30,R30
         ;     115 
         ;     116 
         ;     117 while (1)
          _0x3:
         ;     118       {
         ;     119               if ((PINC.0)==1)
00007e 9b98      	SBIS 0x13,0
00007f c004      	RJMP _0x6
         ;     120               {          
         ;     121        	       		PORTB.0 = 1;
000080 9ac0      	SBI  0x18,0
         ;     122     			delay_ms(100);
000081 d06d      	RCALL SUBOPT_0x0
         ;     123       			PORTB.0 = 0;
000082 98c0      	CBI  0x18,0
         ;     124             		delay_ms(100);
000083 d06b      	RCALL SUBOPT_0x0
         ;     125               }
         ;     126 
         ;     127               if ((PINC.1)==1)
          _0x6:
000084 9b99      	SBIS 0x13,1
000085 c00d      	RJMP _0x7
         ;     128               {          
         ;     129               		for(i=0;i<2;i++)
000086   +  	__GETWRN 16,17,0
          _0x9:
000088   +  	__CPWRN 16,17,2
00008b f43c      	BRGE _0xA
         ;     130 	              	{
         ;     131         	       		PORTB.0 = 1;
00008c 9ac0      	SBI  0x18,0
         ;     132                			delay_ms(100);
00008d d061      	RCALL SUBOPT_0x0
         ;     133               			PORTB.0 = 0;
00008e 98c0      	CBI  0x18,0
         ;     134 	            		delay_ms(100);
00008f d05f      	RCALL SUBOPT_0x0
         ;     135 	            	}
000090   +  	__ADDWRN 16,17,1
000092 cff5      	RJMP _0x9
          _0xA:
         ;     136               }
         ;     137               if ((PINC.2)==1)
          _0x7:
000093 9b9a      	SBIS 0x13,2
000094 c00d      	RJMP _0xB
         ;     138               {          
         ;     139               		for(i=0;i<3;i++)
000095   +  	__GETWRN 16,17,0
          _0xD:
000097   +  	__CPWRN 16,17,3
00009a f43c      	BRGE _0xE
         ;     140 	              	{
         ;     141         	       		PORTB.0 = 1;
00009b 9ac0      	SBI  0x18,0
         ;     142                			delay_ms(100);
00009c d052      	RCALL SUBOPT_0x0
         ;     143               			PORTB.0 = 0;
00009d 98c0      	CBI  0x18,0
         ;     144 	            		delay_ms(100);
00009e d050      	RCALL SUBOPT_0x0
         ;     145 	            	}
00009f   +  	__ADDWRN 16,17,1
0000a1 cff5      	RJMP _0xD
          _0xE:
         ;     146               }
         ;     147               if ((PINC.3)==1)
          _0xB:
0000a2 9b9b      	SBIS 0x13,3
0000a3 c00d      	RJMP _0xF
         ;     148               {          
         ;     149               		for(i=0;i<4;i++)
0000a4   +  	__GETWRN 16,17,0
          _0x11:
0000a6   +  	__CPWRN 16,17,4
0000a9 f43c      	BRGE _0x12
         ;     150 	              	{
         ;     151         	       		PORTB.0 = 1;
0000aa 9ac0      	SBI  0x18,0
         ;     152                			delay_ms(100);
0000ab d043      	RCALL SUBOPT_0x0
         ;     153               			PORTB.0 = 0;
0000ac 98c0      	CBI  0x18,0
         ;     154 	            		delay_ms(100);
0000ad d041      	RCALL SUBOPT_0x0
         ;     155 	            	}
0000ae   +  	__ADDWRN 16,17,1
0000b0 cff5      	RJMP _0x11
          _0x12:
         ;     156               }
         ;     157               if ((PINC.4)==1)
          _0xF:
0000b1 9b9c      	SBIS 0x13,4
0000b2 c00d      	RJMP _0x13
         ;     158               {          
         ;     159               		for(i=0;i<5;i++)
0000b3   +  	__GETWRN 16,17,0
          _0x15:
0000b5   +  	__CPWRN 16,17,5
0000b8 f43c      	BRGE _0x16
         ;     160 	              	{
         ;     161         	       		PORTB.0 = 1;
0000b9 9ac0      	SBI  0x18,0
         ;     162                			delay_ms(100);
0000ba d034      	RCALL SUBOPT_0x0
         ;     163               			PORTB.0 = 0;
0000bb 98c0      	CBI  0x18,0
         ;     164 	            		delay_ms(100);
0000bc d032      	RCALL SUBOPT_0x0
         ;     165 	            	}
0000bd   +  	__ADDWRN 16,17,1
0000bf cff5      	RJMP _0x15
          _0x16:
         ;     166               }
         ;     167               if ((PINC.5)==1)
          _0x13:
0000c0 9b9d      	SBIS 0x13,5
0000c1 c00d      	RJMP _0x17
         ;     168               {          
         ;     169               		for(i=0;i<6;i++)
0000c2   +  	__GETWRN 16,17,0
          _0x19:
0000c4   +  	__CPWRN 16,17,6
0000c7 f43c      	BRGE _0x1A
         ;     170 	              	{
         ;     171         	       		PORTB.0 = 1;
0000c8 9ac0      	SBI  0x18,0
         ;     172                			delay_ms(100);
0000c9 d025      	RCALL SUBOPT_0x0
         ;     173               			PORTB.0 = 0;
0000ca 98c0      	CBI  0x18,0
         ;     174 	            		delay_ms(100);
0000cb d023      	RCALL SUBOPT_0x0
         ;     175 	            	}
0000cc   +  	__ADDWRN 16,17,1
0000ce cff5      	RJMP _0x19
          _0x1A:
         ;     176               }
         ;     177               if ((PINC.6)==1)
          _0x17:
0000cf 9b9e      	SBIS 0x13,6
0000d0 c00d      	RJMP _0x1B
         ;     178               {          
         ;     179               		for(i=0;i<7;i++)
0000d1   +  	__GETWRN 16,17,0
          _0x1D:
0000d3   +  	__CPWRN 16,17,7
0000d6 f43c      	BRGE _0x1E
         ;     180 	              	{
         ;     181         	       		PORTB.0 = 1;
0000d7 9ac0      	SBI  0x18,0
         ;     182                			delay_ms(100);
0000d8 d016      	RCALL SUBOPT_0x0
         ;     183               			PORTB.0 = 0;
0000d9 98c0      	CBI  0x18,0
         ;     184 	            		delay_ms(100);
0000da d014      	RCALL SUBOPT_0x0
         ;     185 	            	}
0000db   +  	__ADDWRN 16,17,1
0000dd cff5      	RJMP _0x1D
          _0x1E:
         ;     186               }
         ;     187               if ((PINC.7)==1)
          _0x1B:
0000de 9b9f      	SBIS 0x13,7
0000df c00d      	RJMP _0x1F
         ;     188               {          
         ;     189               		for(i=0;i<8;i++)
0000e0   +  	__GETWRN 16,17,0
          _0x21:
0000e2   +  	__CPWRN 16,17,8
0000e5 f43c      	BRGE _0x22
         ;     190 	              	{
         ;     191         	       		PORTB.0 = 1;
0000e6 9ac0      	SBI  0x18,0
         ;     192                			delay_ms(100);
0000e7 d007      	RCALL SUBOPT_0x0
         ;     193               			PORTB.0 = 0;
0000e8 98c0      	CBI  0x18,0
         ;     194 	            		delay_ms(100);
0000e9 d005      	RCALL SUBOPT_0x0
         ;     195 	            	}
0000ea   +  	__ADDWRN 16,17,1
0000ec cff5      	RJMP _0x21
          _0x22:
         ;     196               }
         ;     197       
         ;     198       
         ;     199       };
          _0x1F:
0000ed cf90      	RJMP _0x3
         ;     200 }
          _0x23:
0000ee cfff      	RJMP _0x23
         
         ;OPTIMIZER ADDED SUBROUTINE, CALLED 16 TIMES
          SUBOPT_0x0:
0000ef e6e4      	LDI  R30,LOW(100)
0000f0 e0f0      	LDI  R31,HIGH(100)
0000f1 93fa      	ST   -Y,R31
0000f2 93ea      	ST   -Y,R30
0000f3 940c 00f5 	JMP  _delay_ms
         
          _delay_ms:
0000f5 91e9      	ld   r30,y+
0000f6 91f9      	ld   r31,y+
0000f7 9630      	adiw r30,0
0000f8 f039      	breq __delay_ms1
          __delay_ms0:
0000f9   +  	__DELAY_USW 0x3E8
0000fd 95a8      	wdr
0000fe 9731      	sbiw r30,1
0000ff f7c9      	brne __delay_ms0
          __delay_ms1:
000100 9508      	ret
         

Assembly complete with no errors.
